Component: Arm Compiler for Embedded 6.21 Tool: armlink [5ec1fa00]

==============================================================================

Section Cross References

    adc12_triggered_by_timer_event.o(.text.main) refers to ti_msp_dl_config.o(.text.SYSCFG_DL_init) for SYSCFG_DL_init
    adc12_triggered_by_timer_event.o(.text.main) refers to adc12_triggered_by_timer_event.o(.bss.ADC_RATE) for ADC_RATE
    adc12_triggered_by_timer_event.o(.text.main) refers to adc12_triggered_by_timer_event.o(.text.v_FFT) for v_FFT
    adc12_triggered_by_timer_event.o(.text.main) refers to my_arm_math.o(.text.harmony_wave) for harmony_wave
    adc12_triggered_by_timer_event.o(.text.main) refers to board.o(.text.delay_us) for delay_us
    adc12_triggered_by_timer_event.o(.text.main) refers to f2d.o(.text) for __aeabi_f2d
    adc12_triggered_by_timer_event.o(.text.main) refers to ddiv.o(.text) for __aeabi_ddiv
    adc12_triggered_by_timer_event.o(.text.main) refers to dfixi.o(.text) for __aeabi_d2iz
    adc12_triggered_by_timer_event.o(.text.main) refers to ti_msp_dl_config.o(.text.SYSCFG_DL_DMA_init) for SYSCFG_DL_DMA_init
    adc12_triggered_by_timer_event.o(.text.main) refers to dflti.o(.text) for __aeabi_i2d
    adc12_triggered_by_timer_event.o(.text.main) refers to dmul.o(.text) for __aeabi_dmul
    adc12_triggered_by_timer_event.o(.text.main) refers to d2f.o(.text) for __aeabi_d2f
    adc12_triggered_by_timer_event.o(.text.main) refers to logf.o(i.logf) for logf
    adc12_triggered_by_timer_event.o(.text.main) refers to daddsub.o(.text) for __aeabi_dadd
    adc12_triggered_by_timer_event.o(.text.main) refers to fcmp.o(i._fgeq) for __aeabi_fcmpge
    adc12_triggered_by_timer_event.o(.text.main) refers to adc12_triggered_by_timer_event.o(.bss.fl_gFFTOutput_mag) for fl_gFFTOutput_mag
    adc12_triggered_by_timer_event.o(.text.main) refers to adc12_triggered_by_timer_event.o(.bss.Xiebo) for Xiebo
    adc12_triggered_by_timer_event.o(.text.main) refers to adc12_triggered_by_timer_event.o(.bss.thd) for thd
    adc12_triggered_by_timer_event.o(.text.main) refers to fflti.o(.text) for __aeabi_i2f
    adc12_triggered_by_timer_event.o(.text.main) refers to fmul.o(x$fpl$fmul) for __aeabi_fmul
    adc12_triggered_by_timer_event.o(.text.main) refers to adc12_triggered_by_timer_event.o(.bss.gain) for gain
    adc12_triggered_by_timer_event.o(.text.main) refers to adc12_triggered_by_timer_event.o(.bss.gCheckADC) for gCheckADC
    adc12_triggered_by_timer_event.o(.text.main) refers to adc12_triggered_by_timer_event.o(.bss.gAdcResult) for gAdcResult
    adc12_triggered_by_timer_event.o(.text.main) refers to adc12_triggered_by_timer_event.o(.bss.Vpp) for Vpp
    adc12_triggered_by_timer_event.o(.text.main) refers to adc12_triggered_by_timer_event.o(.bss.base_index) for base_index
    adc12_triggered_by_timer_event.o(.text.main) refers to adc12_triggered_by_timer_event.o(.bss.max_mag) for max_mag
    adc12_triggered_by_timer_event.o(.text.main) refers to adc12_triggered_by_timer_event.o(.bss.facter) for facter
    adc12_triggered_by_timer_event.o(.text.main) refers to adc12_triggered_by_timer_event.o(.bss.freq_base) for freq_base
    adc12_triggered_by_timer_event.o(.ARM.exidx.text.main) refers to adc12_triggered_by_timer_event.o(.text.main) for [Anonymous Symbol]
    adc12_triggered_by_timer_event.o(.text.v_Gain_Change) refers to logf.o(i.logf) for logf
    adc12_triggered_by_timer_event.o(.text.v_Gain_Change) refers to f2d.o(.text) for __aeabi_f2d
    adc12_triggered_by_timer_event.o(.text.v_Gain_Change) refers to dmul.o(.text) for __aeabi_dmul
    adc12_triggered_by_timer_event.o(.text.v_Gain_Change) refers to daddsub.o(.text) for __aeabi_dadd
    adc12_triggered_by_timer_event.o(.text.v_Gain_Change) refers to dfixi.o(.text) for __aeabi_d2iz
    adc12_triggered_by_timer_event.o(.text.v_Gain_Change) refers to board.o(.text.delay_us) for delay_us
    adc12_triggered_by_timer_event.o(.ARM.exidx.text.v_Gain_Change) refers to adc12_triggered_by_timer_event.o(.text.v_Gain_Change) for [Anonymous Symbol]
    adc12_triggered_by_timer_event.o(.text.v_Set_ADC_Freq) refers to board.o(.text.delay_us) for delay_us
    adc12_triggered_by_timer_event.o(.text.v_Set_ADC_Freq) refers to f2d.o(.text) for __aeabi_f2d
    adc12_triggered_by_timer_event.o(.text.v_Set_ADC_Freq) refers to ddiv.o(.text) for __aeabi_ddiv
    adc12_triggered_by_timer_event.o(.text.v_Set_ADC_Freq) refers to dfixi.o(.text) for __aeabi_d2iz
    adc12_triggered_by_timer_event.o(.ARM.exidx.text.v_Set_ADC_Freq) refers to adc12_triggered_by_timer_event.o(.text.v_Set_ADC_Freq) for [Anonymous Symbol]
    adc12_triggered_by_timer_event.o(.text.v_DMA_Config) refers to ti_msp_dl_config.o(.text.SYSCFG_DL_DMA_init) for SYSCFG_DL_DMA_init
    adc12_triggered_by_timer_event.o(.text.v_DMA_Config) refers to adc12_triggered_by_timer_event.o(.bss.gAdcResult) for gAdcResult
[...]
    Removing arm_common_tables.o(.rodata.twiddleCoefF64_rfft_128), (1024 bytes).
    Removing arm_common_tables.o(.rodata.twiddleCoefF64_rfft_256), (2048 bytes).
    Removing arm_common_tables.o(.rodata.twiddleCoefF64_rfft_512), (4096 bytes).
    Removing arm_common_tables.o(.rodata.twiddleCoefF64_rfft_1024), (8192 bytes).
    Removing arm_common_tables.o(.rodata.twiddleCoefF64_rfft_2048), (16384 bytes).
    Removing arm_common_tables.o(.rodata.twiddleCoefF64_rfft_4096), (32768 bytes).
    Removing arm_common_tables.o(.rodata.twiddleCoef_rfft_32), (128 bytes).
    Removing arm_common_tables.o(.rodata.twiddleCoef_rfft_64), (256 bytes).
    Removing arm_common_tables.o(.rodata.twiddleCoef_rfft_128), (512 bytes).
    Removing arm_common_tables.o(.rodata.twiddleCoef_rfft_256), (1024 bytes).
    Removing arm_common_tables.o(.rodata.twiddleCoef_rfft_512), (2048 bytes).
    Removing arm_common_tables.o(.rodata.twiddleCoef_rfft_1024), (4096 bytes).
    Removing arm_common_tables.o(.rodata.twiddleCoef_rfft_2048), (8192 bytes).
    Removing arm_common_tables.o(.rodata.twiddleCoef_rfft_4096), (16384 bytes).
    Removing arm_common_tables.o(.rodata.realCoefA), (32768 bytes).
    Removing arm_common_tables.o(.rodata.realCoefB), (32768 bytes).
    Removing arm_common_tables.o(.rodata.realCoefAQ31), (32768 bytes).
    Removing arm_common_tables.o(.rodata.realCoefBQ31), (32768 bytes).
    Removing arm_common_tables.o(.rodata.realCoefAQ15), (16384 bytes).
    Removing arm_common_tables.o(.rodata.realCoefBQ15), (16384 bytes).
    Removing arm_common_tables.o(.rodata.Weights_128), (1024 bytes).
    Removing arm_common_tables.o(.rodata.cos_factors_128), (512 bytes).
    Removing arm_common_tables.o(.rodata.Weights_512), (4096 bytes).
    Removing arm_common_tables.o(.rodata.cos_factors_512), (2048 bytes).
    Removing arm_common_tables.o(.rodata.Weights_2048), (16384 bytes).
    Removing arm_common_tables.o(.rodata.cos_factors_2048), (8192 bytes).
    Removing arm_common_tables.o(.rodata.Weights_8192), (65536 bytes).
    Removing arm_common_tables.o(.rodata.cos_factors_8192), (32768 bytes).
    Removing arm_common_tables.o(.rodata.WeightsQ15_128), (512 bytes).
    Removing arm_common_tables.o(.rodata.cos_factorsQ15_128), (256 bytes).
    Removing arm_common_tables.o(.rodata.WeightsQ15_512), (2048 bytes).
    Removing arm_common_tables.o(.rodata.cos_factorsQ15_512), (1024 bytes).
    Removing arm_common_tables.o(.rodata.WeightsQ15_2048), (8192 bytes).
    Removing arm_common_tables.o(.rodata.cos_factorsQ15_2048), (4096 bytes).
    Removing arm_common_tables.o(.rodata.WeightsQ15_8192), (32768 bytes).
    Removing arm_common_tables.o(.rodata.cos_factorsQ15_8192), (16384 bytes).
    Removing arm_common_tables.o(.rodata.WeightsQ31_128), (1024 bytes).
    Removing arm_common_tables.o(.rodata.cos_factorsQ31_128), (512 bytes).
    Removing arm_common_tables.o(.rodata.WeightsQ31_512), (4096 bytes).
    Removing arm_common_tables.o(.rodata.cos_factorsQ31_512), (2048 bytes).
    Removing arm_common_tables.o(.rodata.WeightsQ31_2048), (16384 bytes).
    Removing arm_common_tables.o(.rodata.cos_factorsQ31_2048), (8192 bytes).
    Removing arm_common_tables.o(.rodata.WeightsQ31_8192), (65536 bytes).
    Removing arm_common_tables.o(.rodata.cos_factorsQ31_8192), (32768 bytes).
    Removing arm_common_tables.o(.rodata.armRecipTableQ15), (128 bytes).
    Removing arm_common_tables.o(.rodata.armRecipTableQ31), (256 bytes).
    Removing arm_common_tables.o(.rodata.sinTable_f32), (2052 bytes).
    Removing arm_common_tables.o(.rodata.sinTable_q31), (2052 bytes).
    Removing arm_common_tables.o(.rodata.sinTable_q15), (1026 bytes).
    Removing arm_bitreversal2.o(.text), (0 bytes).
    Removing arm_bitreversal2.o(.text.arm_bitreversal_64), (128 bytes).
    Removing arm_bitreversal2.o(.ARM.exidx.text.arm_bitreversal_64), (8 bytes).
    Removing arm_bitreversal2.o(.ARM.exidx.text.arm_bitreversal_32), (8 bytes).
    Removing arm_bitreversal2.o(.text.arm_bitreversal_16), (54 bytes).
    Removing arm_bitreversal2.o(.ARM.exidx.text.arm_bitreversal_16), (8 bytes).
    Removing arm_cfft_radix8_f32.o(.text), (0 bytes).
    Removing arm_cfft_radix8_f32.o(.ARM.exidx.text.arm_radix8_butterfly_f32), (8 bytes).

849 unused section(s) (total 940643 bytes) removed from the image.

==============================================================================

Image Symbol Table

    Local Symbols

    Symbol Name                              Value     Ov Type        Size  Object(Section)

    ../clib/angel/boardlib.s                 0x00000000   Number         0  boardinit1.o ABSOLUTE
    ../clib/angel/boardlib.s                 0x00000000   Number         0  boardinit2.o ABSOLUTE
    ../clib/angel/boardlib.s                 0x00000000   Number         0  boardinit3.o ABSOLUTE
    ../clib/angel/boardlib.s                 0x00000000   Number         0  boardshut.o ABSOLUTE
    ../clib/angel/handlers.s                 0x00000000   Number         0  __scatter_zi.o ABSOLUTE
    ../clib/angel/kernel.s                   0x00000000   Number         0  __rtentry.o ABSOLUTE
    ../clib/angel/kernel.s                   0x00000000   Number         0  __rtentry2.o ABSOLUTE
    ../clib/angel/kernel.s                   0x00000000   Number         0  __rtentry4.o ABSOLUTE
    ../clib/angel/kernel.s                   0x00000000   Number         0  rtexit.o ABSOLUTE
    ../clib/angel/kernel.s                   0x00000000   Number         0  rtexit2.o ABSOLUTE
    ../clib/angel/rt.s                       0x00000000   Number         0  aeabi_idiv0.o ABSOLUTE
    ../clib/angel/rt.s                       0x00000000   Number         0  aeabi_idiv0_sigfpe.o ABSOLUTE
    ../clib/angel/rt.s                       0x00000000   Number         0  rt_div0.o ABSOLUTE
    ../clib/angel/rt.s                       0x00000000   Number         0  rt_errno_addr.o ABSOLUTE
    ../clib/angel/rt.s                       0x00000000   Number         0  rt_errno_addr_intlibspace.o ABSOLUTE
    ../clib/angel/rt.s                       0x00000000   Number         0  rt_raise.o ABSOLUTE
    ../clib/angel/scatterp.s                 0x00000000   Number         0  __scatter.o ABSOLUTE
    ../clib/angel/startup.s                  0x00000000   Number         0  __main.o ABSOLUTE
    ../clib/angel/sys.s                      0x00000000   Number         0  libspace.o ABSOLUTE
    ../clib/angel/sys.s                      0x00000000   Number         0  sys_stackheap_outer.o ABSOLUTE
    ../clib/angel/sys.s                      0x00000000   Number         0  tempstk.o ABSOLUTE
    ../clib/angel/sys.s                      0x00000000   Number         0  use_no_semi.o ABSOLUTE
    ../clib/angel/sys.s                      0x00000000   Number         0  indicate_semi.o ABSOLUTE
    ../clib/angel/sysapp.c                   0x00000000   Number         0  sys_exit.o ABSOLUTE
    ../clib/angel/sysapp.c                   0x00000000   Number         0  sys_exit_hlt.o ABSOLUTE
    ../clib/angel/sysapp.c                   0x00000000   Number         0  sys_wrch.o ABSOLUTE
    ../clib/angel/sysapp.c                   0x00000000   Number         0  sys_wrch_hlt.o ABSOLUTE
    ../clib/angel/sysapp.c                   0x00000000   Number         0  sys_command.o ABSOLUTE
    ../clib/angel/sysapp.c                   0x00000000   Number         0  sys_command_hlt.o ABSOLUTE
    ../clib/armsys.c                         0x00000000   Number         0  argv_veneer.o ABSOLUTE
    ../clib/armsys.c                         0x00000000   Number         0  _get_argv_nomalloc.o ABSOLUTE
    ../clib/armsys.c                         0x00000000   Number         0  no_argv.o ABSOLUTE
    ../clib/division.s                       0x00000000   Number         0  aeabi_sdivfast.o ABSOLUTE
    ../clib/division.s                       0x00000000   Number         0  aeabi_sdivfast_div0.o ABSOLUTE
    ../clib/fenv.c                           0x00000000   Number         0  _rserrno.o ABSOLUTE
    ../clib/heapalloc.c                      0x00000000   Number         0  hrguard.o ABSOLUTE
    ../clib/heapaux.c                        0x00000000   Number         0  heapauxi.o ABSOLUTE
    ../clib/libinit.s                        0x00000000   Number         0  libinit.o ABSOLUTE
    ../clib/libinit.s                        0x00000000   Number         0  libinit2.o ABSOLUTE
    ../clib/libinit.s                        0x00000000   Number         0  libshutdown.o ABSOLUTE
    ../clib/libinit.s                        0x00000000   Number         0  libshutdown2.o ABSOLUTE
    ../clib/signal.c                         0x00000000   Number         0  defsig_fpe_outer.o ABSOLUTE
    ../clib/signal.c                         0x00000000   Number         0  defsig_fpe_formal.o ABSOLUTE
    ../clib/signal.c                         0x00000000   Number         0  defsig_exit.o ABSOLUTE
    ../clib/signal.c                         0x00000000   Number         0  defsig_fpe_inner.o ABSOLUTE
    ../clib/signal.c                         0x00000000   Number         0  __raise.o ABSOLUTE
    ../clib/signal.c                         0x00000000   Number         0  defsig_general.o ABSOLUTE
    ../clib/signal.c                         0x00000000   Number         0  defsig_abrt_inner.o ABSOLUTE
    ../clib/signal.c                         0x00000000   Number         0  defsig_rtred_inner.o ABSOLUTE
    ../clib/signal.c                         0x00000000   Number         0  defsig_rtmem_inner.o ABSOLUTE
    ../clib/signal.c                         0x00000000   Number         0  defsig_rtmem_outer.o ABSOLUTE
    ../clib/signal.c                         0x00000000   Number         0  defsig_rtmem_formal.o ABSOLUTE
    ../clib/signal.c                         0x00000000   Number         0  defsig_stak_inner.o ABSOLUTE
    ../clib/signal.c                         0x00000000   Number         0  defsig_pvfn_inner.o ABSOLUTE
    ../clib/signal.c                         0x00000000   Number         0  defsig_cppl_inner.o ABSOLUTE
    ../clib/signal.c                         0x00000000   Number         0  defsig_segv_inner.o ABSOLUTE
    ../clib/signal.c                         0x00000000   Number         0  defsig_other.o ABSOLUTE
    ../clib/signal.s                         0x00000000   Number         0  defsig.o ABSOLUTE
    ../clib/stdlib.c                         0x00000000   Number         0  exit.o ABSOLUTE
    ../fplib/cfplib/cmp.c                    0x00000000   Number         0  fcmp.o ABSOLUTE
    ../fplib/cfplib/cmpret.c                 0x00000000   Number         0  cmpret.o ABSOLUTE
    ../fplib/cfplib/d2f.c                    0x00000000   Number         0  d2f.o ABSOLUTE
    ../fplib/cfplib/daddsub.c                0x00000000   Number         0  daddsub.o ABSOLUTE
    ../fplib/cfplib/ddiv.c                   0x00000000   Number         0  ddiv.o ABSOLUTE
    ../fplib/cfplib/dmul.c                   0x00000000   Number         0  dmul.o ABSOLUTE
    ../fplib/cfplib/dsqrt.c                  0x00000000   Number         0  dsqrt.o ABSOLUTE
    ../fplib/cfplib/f2d.c                    0x00000000   Number         0  f2d.o ABSOLUTE
    ../fplib/cfplib/fcmpin.c                 0x00000000   Number         0  fcmpin.o ABSOLUTE
    ../fplib/cfplib/fdiv.c                   0x00000000   Number         0  fdiv.o ABSOLUTE
    ../fplib/cfplib/ffix.c                   0x00000000   Number         0  dfixi.o ABSOLUTE
    ../fplib/cfplib/ffix.c                   0x00000000   Number         0  ffixi.o ABSOLUTE
    ../fplib/cfplib/ffix.c                   0x00000000   Number         0  ffixui.o ABSOLUTE
    ../fplib/cfplib/fflt.c                   0x00000000   Number         0  dflti.o ABSOLUTE
    ../fplib/cfplib/fflt.c                   0x00000000   Number         0  fflti.o ABSOLUTE
    ../fplib/cfplib/fpinit.c                 0x00000000   Number         0  fpinit.o ABSOLUTE
    ../fplib/cfplib/fsqrt.c                  0x00000000   Number         0  fsqrt.o ABSOLUTE
    ../fplib/cfplib/nan2.c                   0x00000000   Number         0  fnan2.o ABSOLUTE
    ../fplib/cfplib/retnan.c                 0x00000000   Number         0  retnan.o ABSOLUTE
    ../fplib/cfplib/scalbn.c                 0x00000000   Number         0  fscalbn.o ABSOLUTE
    ../fplib/faddsub6m.s                     0x00000000   Number         0  faddsub.o ABSOLUTE
    ../fplib/feqf6m.s                        0x00000000   Number         0  feqf.o ABSOLUTE
    ../fplib/fgeqf6m.s                       0x00000000   Number         0  fgef.o ABSOLUTE
    ../fplib/fleqf6m.s                       0x00000000   Number         0  flef.o ABSOLUTE
    ../fplib/fmul6m.s                        0x00000000   Number         0  fmul.o ABSOLUTE
    ../fplib/usenofp.s                       0x00000000   Number         0  usenofp.o ABSOLUTE
    ../mathlib/atan2f.c                      0x00000000   Number         0  atan2f.o ABSOLUTE
    ../mathlib/fpclassifyf.c                 0x00000000   Number         0  fpclassifyf.o ABSOLUTE
    ../mathlib/funder.c                      0x00000000   Number         0  funder.o ABSOLUTE
    ../mathlib/logf.c                        0x00000000   Number         0  logf.o ABSOLUTE
    ../mathlib/sqrt.c                        0x00000000   Number         0  sqrt.o ABSOLUTE
    ../mathlib/sqrtf.c                       0x00000000   Number         0  sqrtf.o ABSOLUTE
    adc12_triggered_by_timer_event.c         0x00000000   Number         0  adc12_triggered_by_timer_event.o ABSOLUTE
    arm_bitreversal2.c                       0x00000000   Number         0  arm_bitreversal2.o ABSOLUTE
    arm_cfft_f32.c                           0x00000000   Number         0  arm_cfft_f32.o ABSOLUTE
    arm_cfft_radix8_f32.c                    0x00000000   Number         0  arm_cfft_radix8_f32.o ABSOLUTE
    arm_cmplx_mag_f32.c                      0x00000000   Number         0  arm_cmplx_mag_f32.o ABSOLUTE
    arm_common_tables.c                      0x00000000   Number         0  arm_common_tables.o ABSOLUTE
    arm_const_structs.c                      0x00000000   Number         0  arm_const_structs.o ABSOLUTE
    board.c                                  0x00000000   Number         0  board.o ABSOLUTE
    dc.s                                     0x00000000   Number         0  dc.o ABSOLUTE
    dl_adc12.c                               0x00000000   Number         0  dl_adc12.o ABSOLUTE
    dl_aes.c                                 0x00000000   Number         0  dl_aes.o ABSOLUTE
    dl_aesadv.c                              0x00000000   Number         0  dl_aesadv.o ABSOLUTE
    dl_common.c                              0x00000000   Number         0  dl_common.o ABSOLUTE
    dl_crc.c                                 0x00000000   Number         0  dl_crc.o ABSOLUTE
    dl_crcp.c                                0x00000000   Number         0  dl_crcp.o ABSOLUTE
    dl_dac12.c                               0x00000000   Number         0  dl_dac12.o ABSOLUTE
    dl_dma.c                                 0x00000000   Number         0  dl_dma.o ABSOLUTE
    dl_flashctl.c                            0x00000000   Number         0  dl_flashctl.o ABSOLUTE
    dl_i2c.c                                 0x00000000   Number         0  dl_i2c.o ABSOLUTE
    dl_keystorectl.c                         0x00000000   Number         0  dl_keystorectl.o ABSOLUTE
    dl_lcd.c                                 0x00000000   Number         0  dl_lcd.o ABSOLUTE
    dl_lfss.c                                0x00000000   Number         0  dl_lfss.o ABSOLUTE
    dl_mathacl.c                             0x00000000   Number         0  dl_mathacl.o ABSOLUTE
    dl_mcan.c                                0x00000000   Number         0  dl_mcan.o ABSOLUTE
    dl_opa.c                                 0x00000000   Number         0  dl_opa.o ABSOLUTE
    dl_rtc_common.c                          0x00000000   Number         0  dl_rtc_common.o ABSOLUTE
    dl_spi.c                                 0x00000000   Number         0  dl_spi.o ABSOLUTE
    dl_timer.c                               0x00000000   Number         0  dl_timer.o ABSOLUTE
    dl_trng.c                                0x00000000   Number         0  dl_trng.o ABSOLUTE
    dl_uart.c                                0x00000000   Number         0  dl_uart.o ABSOLUTE
    dl_vref.c                                0x00000000   Number         0  dl_vref.o ABSOLUTE
    my_arm_math.c                            0x00000000   Number         0  my_arm_math.o ABSOLUTE
    startup_mspm0g350x_uvision.s             0x00000000   Number         0  startup_mspm0g350x_uvision.o ABSOLUTE
    ti_msp_dl_config.c                       0x00000000   Number         0  ti_msp_dl_config.o ABSOLUTE
    RESET                                    0x00000000   Section      192  startup_mspm0g350x_uvision.o(RESET)
    !!!main                                  0x000000c0   Section        8  __main.o(!!!main)
    !!!scatter                               0x000000c8   Section       84  __scatter.o(!!!scatter)
    !!handler_null                           0x00000120   Section        2  __scatter.o(!!handler_null)
    !!handler_zi                             0x00000128   Section       28  __scatter_zi.o(!!handler_zi)
    .ARM.Collect$$libinit$$00000000          0x00000144   Section        2  libinit.o(.ARM.Collect$$libinit$$00000000)
    .ARM.Collect$$libinit$$00000002          0x00000146   Section        0  libinit2.o(.ARM.Collect$$libinit$$00000002)
    .ARM.Collect$$libinit$$00000004          0x00000146   Section        0  libinit2.o(.ARM.Collect$$libinit$$00000004)
    .ARM.Collect$$libinit$$00000006          0x00000146   Section        0  libinit2.o(.ARM.Collect$$libinit$$00000006)
    .ARM.Collect$$libinit$$0000000C          0x00000146   Section        0  libinit2.o(.ARM.Collect$$libinit$$0000000C)
    .ARM.Collect$$libinit$$0000000E          0x00000146   Section        0  libinit2.o(.ARM.Collect$$libinit$$0000000E)
    .ARM.Collect$$libinit$$00000010          0x00000146   Section        0  libinit2.o(.ARM.Collect$$libinit$$00000010)
    .ARM.Collect$$libinit$$00000013          0x00000146   Section        0  libinit2.o(.ARM.Collect$$libinit$$00000013)
    .ARM.Collect$$libinit$$00000015          0x00000146   Section        0  libinit2.o(.ARM.Collect$$libinit$$00000015)
    .ARM.Collect$$libinit$$00000017          0x00000146   Section        0  libinit2.o(.ARM.Collect$$libinit$$00000017)
    .ARM.Collect$$libinit$$00000019          0x00000146   Section        0  libinit2.o(.ARM.Collect$$libinit$$00000019)
    .ARM.Collect$$libinit$$0000001B          0x00000146   Section        0  libinit2.o(.ARM.Collect$$libinit$$0000001B)
    .ARM.Collect$$libinit$$0000001D          0x00000146   Section        0  libinit2.o(.ARM.Collect$$libinit$$0000001D)
    .ARM.Collect$$libinit$$0000001F          0x00000146   Section        0  libinit2.o(.ARM.Collect$$libinit$$0000001F)
    .ARM.Collect$$libinit$$00000021          0x00000146   Section        0  libinit2.o(.ARM.Collect$$libinit$$00000021)
    .ARM.Collect$$libinit$$00000023          0x00000146   Section        0  libinit2.o(.ARM.Collect$$libinit$$00000023)
    .ARM.Collect$$libinit$$00000025          0x00000146   Section        0  libinit2.o(.ARM.Collect$$libinit$$00000025)
    .ARM.Collect$$libinit$$00000027          0x00000146   Section        0  libinit2.o(.ARM.Collect$$libinit$$00000027)
    .ARM.Collect$$libinit$$0000002E          0x00000146   Section        0  libinit2.o(.ARM.Collect$$libinit$$0000002E)
    .ARM.Collect$$libinit$$00000030          0x00000146   Section        0  libinit2.o(.ARM.Collect$$libinit$$00000030)
    .ARM.Collect$$libinit$$00000032          0x00000146   Section        0  libinit2.o(.ARM.Collect$$libinit$$00000032)
    .ARM.Collect$$libinit$$00000034          0x00000146   Section        0  libinit2.o(.ARM.Collect$$libinit$$00000034)
    .ARM.Collect$$libinit$$00000035          0x00000146   Section        2  libinit2.o(.ARM.Collect$$libinit$$00000035)
    .ARM.Collect$$libshutdown$$00000000      0x00000148   Section        2  libshutdown.o(.ARM.Collect$$libshutdown$$00000000)
    .ARM.Collect$$libshutdown$$00000002      0x0000014a   Section        0  libshutdown2.o(.ARM.Collect$$libshutdown$$00000002)
    .ARM.Collect$$libshutdown$$00000004      0x0000014a   Section        0  libshutdown2.o(.ARM.Collect$$libshutdown$$00000004)
    .ARM.Collect$$libshutdown$$00000007      0x0000014a   Section        0  libshutdown2.o(.ARM.Collect$$libshutdown$$00000007)
    .ARM.Collect$$libshutdown$$0000000A      0x0000014a   Section        0  libshutdown2.o(.ARM.Collect$$libshutdown$$0000000A)
    .ARM.Collect$$libshutdown$$0000000C      0x0000014a   Section        0  libshutdown2.o(.ARM.Collect$$libshutdown$$0000000C)
    .ARM.Collect$$libshutdown$$0000000F      0x0000014a   Section        0  libshutdown2.o(.ARM.Collect$$libshutdown$$0000000F)
    .ARM.Collect$$libshutdown$$00000010      0x0000014a   Section        2  libshutdown2.o(.ARM.Collect$$libshutdown$$00000010)
    .ARM.Collect$$rtentry$$00000000          0x0000014c   Section        0  __rtentry.o(.ARM.Collect$$rtentry$$00000000)
    .ARM.Collect$$rtentry$$00000002          0x0000014c   Section        0  __rtentry2.o(.ARM.Collect$$rtentry$$00000002)
    .ARM.Collect$$rtentry$$00000004          0x0000014c   Section        6  __rtentry4.o(.ARM.Collect$$rtentry$$00000004)
    .ARM.Collect$$rtentry$$00000009          0x00000152   Section        0  __rtentry2.o(.ARM.Collect$$rtentry$$00000009)
    .ARM.Collect$$rtentry$$0000000A          0x00000152   Section        4  __rtentry2.o(.ARM.Collect$$rtentry$$0000000A)
    .ARM.Collect$$rtentry$$0000000C          0x00000156   Section        0  __rtentry2.o(.ARM.Collect$$rtentry$$0000000C)
    .ARM.Collect$$rtentry$$0000000D          0x00000156   Section        8  __rtentry2.o(.ARM.Collect$$rtentry$$0000000D)
    .ARM.Collect$$rtexit$$00000000           0x0000015e   Section        2  rtexit.o(.ARM.Collect$$rtexit$$00000000)
    .ARM.Collect$$rtexit$$00000002           0x00000160   Section        0  rtexit2.o(.ARM.Collect$$rtexit$$00000002)
    .ARM.Collect$$rtexit$$00000003           0x00000160   Section        4  rtexit2.o(.ARM.Collect$$rtexit$$00000003)
    .ARM.Collect$$rtexit$$00000004           0x00000164   Section        6  rtexit2.o(.ARM.Collect$$rtexit$$00000004)
    .text                                    0x0000016c   Section       44  startup_mspm0g350x_uvision.o(.text)
    .text                                    0x00000198   Section      504  aeabi_sdivfast.o(.text)
    .text                                    0x00000390   Section        0  heapauxi.o(.text)
    .text                                    0x00000398   Section        0  d2f.o(.text)
    _dadd1                                   0x00000415   Thumb Code   290  daddsub.o(.text)
    .text                                    0x00000414   Section        0  daddsub.o(.text)
    _dsub1                                   0x00000537   Thumb Code   470  daddsub.o(.text)
    .text                                    0x0000076c   Section        0  ddiv.o(.text)
    .text                                    0x00000bb4   Section        0  dfixi.o(.text)
    .text                                    0x00000c20   Section        0  dflti.o(.text)
    .text                                    0x00000c78   Section        0  dmul.o(.text)
    .text                                    0x00000ec0   Section        0  f2d.o(.text)
    .text                                    0x00000f14   Section        0  fdiv.o(.text)
    .text                                    0x00001074   Section        0  ffixi.o(.text)
    .text                                    0x000010c0   Section        0  ffixui.o(.text)
    .text                                    0x000010f0   Section        0  fflti.o(.text)
    .text                                    0x0000114e   Section        0  _rserrno.o(.text)
    .text                                    0x00001164   Section        0  dsqrt.o(.text)
    .text                                    0x00001264   Section        0  fscalbn.o(.text)
    .text                                    0x000012a8   Section        0  fsqrt.o(.text)
    .text                                    0x00001338   Section        8  rt_errno_addr_intlibspace.o(.text)
    .text                                    0x00001340   Section        0  fcmpin.o(.text)
    .text                                    0x000013a4   Section        8  libspace.o(.text)
    .text                                    0x000013ac   Section       62  sys_stackheap_outer.o(.text)
    .text                                    0x000013ea   Section        0  exit.o(.text)
    .text                                    0x000013fa   Section        0  cmpret.o(.text)
    .text                                    0x00001428   Section        0  fnan2.o(.text)
    .text                                    0x00001438   Section        0  retnan.o(.text)
    .text                                    0x00001498   Section        0  sys_exit.o(.text)
    .text                                    0x000014a4   Section        2  use_no_semi.o(.text)
    .text                                    0x000014a6   Section        0  indicate_semi.o(.text)
    [Anonymous Symbol]                       0x000014a8   Section        0  adc12_triggered_by_timer_event.o(.text.ADC0_IRQHandler)
    __arm_cp.6_0                             0x000014d4   Number         4  adc12_triggered_by_timer_event.o(.text.ADC0_IRQHandler)
    __arm_cp.6_1                             0x000014d8   Number         4  adc12_triggered_by_timer_event.o(.text.ADC0_IRQHandler)
    __arm_cp.6_2                             0x000014dc   Number         4  adc12_triggered_by_timer_event.o(.text.ADC0_IRQHandler)
    __arm_cp.6_3                             0x000014e0   Number         4  adc12_triggered_by_timer_event.o(.text.ADC0_IRQHandler)
    [Anonymous Symbol]                       0x000014e4   Section        0  dl_adc12.o(.text.DL_ADC12_setClockConfig)
    __arm_cp.0_0                             0x0000151c   Number         4  dl_adc12.o(.text.DL_ADC12_setClockConfig)
    __arm_cp.0_1                             0x00001520   Number         4  dl_adc12.o(.text.DL_ADC12_setClockConfig)
    [Anonymous Symbol]                       0x00001524   Section        0  dl_common.o(.text.DL_Common_delayCycles)
    [Anonymous Symbol]                       0x00001530   Section        0  dl_dac12.o(.text.DL_DAC12_init)
    __arm_cp.0_0                             0x00001598   Number         4  dl_dac12.o(.text.DL_DAC12_init)
    __arm_cp.0_1                             0x0000159c   Number         4  dl_dac12.o(.text.DL_DAC12_init)
    __arm_cp.0_2                             0x000015a0   Number         4  dl_dac12.o(.text.DL_DAC12_init)
    __arm_cp.0_3                             0x000015a4   Number         4  dl_dac12.o(.text.DL_DAC12_init)
    __arm_cp.0_4                             0x000015a8   Number         4  dl_dac12.o(.text.DL_DAC12_init)
    __arm_cp.0_5                             0x000015ac   Number         4  dl_dac12.o(.text.DL_DAC12_init)
    __arm_cp.0_6                             0x000015b0   Number         4  dl_dac12.o(.text.DL_DAC12_init)
    __arm_cp.0_7                             0x000015b4   Number         4  dl_dac12.o(.text.DL_DAC12_init)
    [Anonymous Symbol]                       0x000015b8   Section        0  dl_dma.o(.text.DL_DMA_initChannel)
    __arm_cp.0_0                             0x000015f8   Number         4  dl_dma.o(.text.DL_DMA_initChannel)
    [Anonymous Symbol]                       0x000015fc   Section        0  ti_msp_dl_config.o(.text.SYSCFG_DL_ADC12_0_init)
    __arm_cp.4_0                             0x0000167c   Number         4  ti_msp_dl_config.o(.text.SYSCFG_DL_ADC12_0_init)
    __arm_cp.4_1                             0x00001680   Number         4  ti_msp_dl_config.o(.text.SYSCFG_DL_ADC12_0_init)
    __arm_cp.4_2                             0x00001684   Number         4  ti_msp_dl_config.o(.text.SYSCFG_DL_ADC12_0_init)
    __arm_cp.4_3                             0x00001688   Number         4  ti_msp_dl_config.o(.text.SYSCFG_DL_ADC12_0_init)
    __arm_cp.4_4                             0x0000168c   Number         4  ti_msp_dl_config.o(.text.SYSCFG_DL_ADC12_0_init)
    __arm_cp.4_5                             0x00001690   Number         4  ti_msp_dl_config.o(.text.SYSCFG_DL_ADC12_0_init)
    [Anonymous Symbol]                       0x00001694   Section        0  ti_msp_dl_config.o(.text.SYSCFG_DL_DAC12_init)
    __arm_cp.7_0                             0x000016ac   Number         4  ti_msp_dl_config.o(.text.SYSCFG_DL_DAC12_init)
    __arm_cp.7_1                             0x000016b0   Number         4  ti_msp_dl_config.o(.text.SYSCFG_DL_DAC12_init)
    __arm_cp.7_2                             0x000016b4   Number         4  ti_msp_dl_config.o(.text.SYSCFG_DL_DAC12_init)
    [Anonymous Symbol]                       0x000016b8   Section        0  ti_msp_dl_config.o(.text.SYSCFG_DL_DMA_CH0_init)
    __arm_cp.8_0                             0x000016c8   Number         4  ti_msp_dl_config.o(.text.SYSCFG_DL_DMA_CH0_init)
    __arm_cp.8_1                             0x000016cc   Number         4  ti_msp_dl_config.o(.text.SYSCFG_DL_DMA_CH0_init)
    [Anonymous Symbol]                       0x000016d0   Section        0  ti_msp_dl_config.o(.text.SYSCFG_DL_DMA_init)
    [Anonymous Symbol]                       0x000016d8   Section        0  ti_msp_dl_config.o(.text.SYSCFG_DL_GPIO_init)
    __arm_cp.2_0                             0x000016ec   Number         4  ti_msp_dl_config.o(.text.SYSCFG_DL_GPIO_init)
    __arm_cp.2_1                             0x000016f0   Number         4  ti_msp_dl_config.o(.text.SYSCFG_DL_GPIO_init)
    [Anonymous Symbol]                       0x000016f4   Section        0  ti_msp_dl_config.o(.text.SYSCFG_DL_SYSCTL_init)
    __arm_cp.3_0                             0x00001738   Number         4  ti_msp_dl_config.o(.text.SYSCFG_DL_SYSCTL_init)
    __arm_cp.3_1                             0x0000173c   Number         4  ti_msp_dl_config.o(.text.SYSCFG_DL_SYSCTL_init)
    [Anonymous Symbol]                       0x00001740   Section        0  ti_msp_dl_config.o(.text.SYSCFG_DL_SYSTICK_init)
    __arm_cp.6_0                             0x00001764   Number         4  ti_msp_dl_config.o(.text.SYSCFG_DL_SYSTICK_init)
    __arm_cp.6_1                             0x00001768   Number         4  ti_msp_dl_config.o(.text.SYSCFG_DL_SYSTICK_init)
    __arm_cp.6_2                             0x0000176c   Number         4  ti_msp_dl_config.o(.text.SYSCFG_DL_SYSTICK_init)
    [Anonymous Symbol]                       0x00001770   Section        0  ti_msp_dl_config.o(.text.SYSCFG_DL_init)
    [Anonymous Symbol]                       0x00001790   Section        0  ti_msp_dl_config.o(.text.SYSCFG_DL_initPower)
    __arm_cp.1_0                             0x000017b8   Number         4  ti_msp_dl_config.o(.text.SYSCFG_DL_initPower)
    __arm_cp.1_1                             0x000017bc   Number         4  ti_msp_dl_config.o(.text.SYSCFG_DL_initPower)
    __arm_cp.1_2                             0x000017c0   Number         4  ti_msp_dl_config.o(.text.SYSCFG_DL_initPower)
    __arm_cp.1_3                             0x000017c4   Number         4  ti_msp_dl_config.o(.text.SYSCFG_DL_initPower)
    __arm_cp.1_4                             0x000017c8   Number         4  ti_msp_dl_config.o(.text.SYSCFG_DL_initPower)
    __arm_cp.1_5                             0x000017cc   Number         4  ti_msp_dl_config.o(.text.SYSCFG_DL_initPower)
    [Anonymous Symbol]                       0x000017d0   Section        0  adc12_triggered_by_timer_event.o(.text.SysTick_Handler)
    [Anonymous Symbol]                       0x000017d4   Section        0  my_arm_math.o(.text.adapt_signal)
    __arm_cp.3_0                             0x00001c88   Number         4  my_arm_math.o(.text.adapt_signal)
    [Anonymous Symbol]                       0x00001c8c   Section        0  arm_bitreversal2.o(.text.arm_bitreversal_32)
    [Anonymous Symbol]                       0x00001cc0   Section        0  arm_cfft_f32.o(.text.arm_cfft_f32)
    __arm_cp.2_0                             0x00001da0   Number         4  arm_cfft_f32.o(.text.arm_cfft_f32)
    [Anonymous Symbol]                       0x00001da4   Section        0  arm_cfft_f32.o(.text.arm_cfft_radix8by2_f32)
    [Anonymous Symbol]                       0x00001ff8   Section        0  arm_cfft_f32.o(.text.arm_cfft_radix8by4_f32)
    [Anonymous Symbol]                       0x000025c8   Section        0  arm_cmplx_mag_f32.o(.text.arm_cmplx_mag_f32)
    [Anonymous Symbol]                       0x00002600   Section        0  arm_cfft_radix8_f32.o(.text.arm_radix8_butterfly_f32)
    __arm_cp.0_0                             0x00002e10   Number         4  arm_cfft_radix8_f32.o(.text.arm_radix8_butterfly_f32)
    [Anonymous Symbol]                       0x00002e14   Section        0  board.o(.text.delay_us)
    __arm_cp.1_0                             0x00002e54   Number         4  board.o(.text.delay_us)
    [Anonymous Symbol]                       0x00002e58   Section        0  my_arm_math.o(.text.harmony_wave)
    __arm_cp.4_0                             0x000032e0   Number         4  my_arm_math.o(.text.harmony_wave)
    [Anonymous Symbol]                       0x000032e4   Section        0  my_arm_math.o(.text.list_period)
    __arm_cp.2_0                             0x000037b0   Number         4  my_arm_math.o(.text.list_period)
    __arm_cp.2_1                             0x000037b4   Number         4  my_arm_math.o(.text.list_period)
    __arm_cp.2_2                             0x000037b8   Number         4  my_arm_math.o(.text.list_period)
    [Anonymous Symbol]                       0x000037bc   Section        0  adc12_triggered_by_timer_event.o(.text.main)
    __arm_cp.0_42                            0x00003b00   Number         4  adc12_triggered_by_timer_event.o(.text.main)
    __arm_cp.0_43                            0x00003b04   Number         4  adc12_triggered_by_timer_event.o(.text.main)
    __arm_cp.0_45                            0x00003b0c   Number         4  adc12_triggered_by_timer_event.o(.text.main)
    __arm_cp.0_0                             0x00003bf0   Number         4  adc12_triggered_by_timer_event.o(.text.main)
    __arm_cp.0_1                             0x00003bf4   Number         4  adc12_triggered_by_timer_event.o(.text.main)
    __arm_cp.0_2                             0x00003bf8   Number         4  adc12_triggered_by_timer_event.o(.text.main)
    __arm_cp.0_3                             0x00003bfc   Number         4  adc12_triggered_by_timer_event.o(.text.main)
    __arm_cp.0_4                             0x00003c00   Number         4  adc12_triggered_by_timer_event.o(.text.main)
    __arm_cp.0_5                             0x00003c04   Number         4  adc12_triggered_by_timer_event.o(.text.main)
    __arm_cp.0_6                             0x00003c08   Number         4  adc12_triggered_by_timer_event.o(.text.main)
    __arm_cp.0_7                             0x00003c0c   Number         4  adc12_triggered_by_timer_event.o(.text.main)
    __arm_cp.0_8                             0x00003c10   Number         4  adc12_triggered_by_timer_event.o(.text.main)
    __arm_cp.0_11                            0x00003c14   Number         4  adc12_triggered_by_timer_event.o(.text.main)
    __arm_cp.0_12                            0x00003c18   Number         4  adc12_triggered_by_timer_event.o(.text.main)
    __arm_cp.0_13                            0x00003c1c   Number         4  adc12_triggered_by_timer_event.o(.text.main)
    __arm_cp.0_14                            0x00003c20   Number         4  adc12_triggered_by_timer_event.o(.text.main)
    __arm_cp.0_15                            0x00003c24   Number         4  adc12_triggered_by_timer_event.o(.text.main)
    __arm_cp.0_16                            0x00003c28   Number         4  adc12_triggered_by_timer_event.o(.text.main)
    __arm_cp.0_17                            0x00003c2c   Number         4  adc12_triggered_by_timer_event.o(.text.main)
    __arm_cp.0_18                            0x00003c30   Number         4  adc12_triggered_by_timer_event.o(.text.main)
    __arm_cp.0_19                            0x00003c34   Number         4  adc12_triggered_by_timer_event.o(.text.main)
    __arm_cp.0_20                            0x00003c38   Number         4  adc12_triggered_by_timer_event.o(.text.main)
    __arm_cp.0_21                            0x00003c3c   Number         4  adc12_triggered_by_timer_event.o(.text.main)
    __arm_cp.0_22                            0x00003c40   Number         4  adc12_triggered_by_timer_event.o(.text.main)
    __arm_cp.0_23                            0x00003c44   Number         4  adc12_triggered_by_timer_event.o(.text.main)
    __arm_cp.0_24                            0x00003c48   Number         4  adc12_triggered_by_timer_event.o(.text.main)
    __arm_cp.0_25                            0x00003c4c   Number         4  adc12_triggered_by_timer_event.o(.text.main)
    __arm_cp.0_26                            0x00003c50   Number         4  adc12_triggered_by_timer_event.o(.text.main)
    __arm_cp.0_27                            0x00003c54   Number         4  adc12_triggered_by_timer_event.o(.text.main)
    __arm_cp.0_28                            0x00003c58   Number         4  adc12_triggered_by_timer_event.o(.text.main)
    __arm_cp.0_31                            0x00003c5c   Number         4  adc12_triggered_by_timer_event.o(.text.main)
    [Anonymous Symbol]                       0x00003c60   Section        0  adc12_triggered_by_timer_event.o(.text.v_FFT)
    __arm_cp.5_0                             0x00003d28   Number         4  adc12_triggered_by_timer_event.o(.text.v_FFT)
    __arm_cp.5_1                             0x00003d2c   Number         4  adc12_triggered_by_timer_event.o(.text.v_FFT)
    __arm_cp.5_2                             0x00003d30   Number         4  adc12_triggered_by_timer_event.o(.text.v_FFT)
    __arm_cp.5_3                             0x00003d34   Number         4  adc12_triggered_by_timer_event.o(.text.v_FFT)
    __arm_cp.5_4                             0x00003d38   Number         4  adc12_triggered_by_timer_event.o(.text.v_FFT)
    __arm_cp.5_5                             0x00003d3c   Number         4  adc12_triggered_by_timer_event.o(.text.v_FFT)
    __arm_cp.5_6                             0x00003d40   Number         4  adc12_triggered_by_timer_event.o(.text.v_FFT)
    .text_divfast                            0x00003d44   Section      502  aeabi_sdivfast.o(.text_divfast)
    i.__mathlib_flt_divzero                  0x00003f3a   Section        0  funder.o(i.__mathlib_flt_divzero)
    i.__mathlib_flt_infnan                   0x00003f48   Section        0  funder.o(i.__mathlib_flt_infnan)
    i.__mathlib_flt_invalid                  0x00003f52   Section        0  funder.o(i.__mathlib_flt_invalid)
    i._fgeq                                  0x00003f5e   Section        0  fcmp.o(i._fgeq)
    i._fls                                   0x00003f74   Section        0  fcmp.o(i._fls)
    i.logf                                   0x00003f8c   Section        0  logf.o(i.logf)
    i.sqrt                                   0x00004108   Section        0  sqrt.o(i.sqrt)
    i.sqrtf                                  0x00004150   Section        0  sqrtf.o(i.sqrtf)
    x$fpl$fadd                               0x0000417c   Section      140  faddsub.o(x$fpl$fadd)
    _fadd1                                   0x00004189   Thumb Code     0  faddsub.o(x$fpl$fadd)
    x$fpl$fgeqf                              0x00004208   Section       84  fgef.o(x$fpl$fgeqf)
    x$fpl$fleqf                              0x0000425c   Section       84  flef.o(x$fpl$fleqf)
    x$fpl$fmul                               0x000042b0   Section      176  fmul.o(x$fpl$fmul)
    x$fpl$fsub                               0x00004360   Section      208  faddsub.o(x$fpl$fsub)
    _fsub1                                   0x0000436d   Thumb Code     0  faddsub.o(x$fpl$fsub)
    ddiv_reciptbl                            0x00004430   Data         128  ddiv.o(.constdata)
    .constdata                               0x00004430   Section      128  ddiv.o(.constdata)
    x$fpl$usenofp                            0x00004430   Section        0  usenofp.o(x$fpl$usenofp)
    fdiv_tab                                 0x000044b0   Data          64  fdiv.o(.constdata)
    .constdata                               0x000044b0   Section       64  fdiv.o(.constdata)
    logahi                                   0x000044f0   Data          32  logf.o(.constdata)
    .constdata                               0x000044f0   Section       64  logf.o(.constdata)
    logalo                                   0x00004510   Data          32  logf.o(.constdata)
    gADC12_0ClockConfig                      0x000048b0   Data           8  ti_msp_dl_config.o(.rodata.gADC12_0ClockConfig)
    [Anonymous Symbol]                       0x000048b0   Section        0  ti_msp_dl_config.o(.rodata.gADC12_0ClockConfig)
    gDAC12Config                             0x000048b8   Data          32  ti_msp_dl_config.o(.rodata.gDAC12Config)
    [Anonymous Symbol]                       0x000048b8   Section        0  ti_msp_dl_config.o(.rodata.gDAC12Config)
    gDMA_CH0Config                           0x000048d8   Data          24  ti_msp_dl_config.o(.rodata.gDMA_CH0Config)
    [Anonymous Symbol]                       0x000048d8   Section        0  ti_msp_dl_config.o(.rodata.gDMA_CH0Config)
    .bss                                     0x20200000   Section       96  libspace.o(.bss)
    Heap_Mem                                 0x20201320   Data           0  startup_mspm0g350x_uvision.o(HEAP)
    Stack_Mem                                0x20201320   Data         256  startup_mspm0g350x_uvision.o(STACK)
    HEAP                                     0x20201320   Section        0  startup_mspm0g350x_uvision.o(HEAP)
    STACK                                    0x20201320   Section      256  startup_mspm0g350x_uvision.o(STACK)
    __initial_sp                             0x20201420   Data           0  startup_mspm0g350x_uvision.o(STACK)

    Global Symbols

    Symbol Name                              Value     Ov Type        Size  Object(Section)

    BuildAttributes$$THM_ISAv3M$S$PE$A:L22$X:L11$S22$IEEE1$IW$~IW$USESV6$~STKCKD$USESV7$~SHL$OTIME$ROPI$IEEEX$EBA8$UX$STANDARDLIB$REQ8$PRES8$EABIv2 0x00000000   Number         0  anon$$obj.o ABSOLUTE
    __Vectors                                0x00000000   Data           4  startup_mspm0g350x_uvision.o(RESET)
    __ARM_exceptions_init                     - Undefined Weak Reference
    __alloca_initialize                       - Undefined Weak Reference
    __arm_preinit_                            - Undefined Weak Reference
    __arm_relocate_pie_                       - Undefined Weak Reference
    __cpp_initialize__aeabi_                  - Undefined Weak Reference
    __cxa_finalize                            - Undefined Weak Reference
    __rt_locale                               - Undefined Weak Reference
    __sigvec_lookup                           - Undefined Weak Reference
    _atexit_init                              - Undefined Weak Reference
    _call_atexit_fns                          - Undefined Weak Reference
    _clock_init                               - Undefined Weak Reference
    _fp_trap_init                             - Undefined Weak Reference
    _fp_trap_shutdown                         - Undefined Weak Reference
    _get_lc_collate                           - Undefined Weak Reference
    _get_lc_ctype                             - Undefined Weak Reference
    _get_lc_monetary                          - Undefined Weak Reference
    _get_lc_numeric                           - Undefined Weak Reference
    _get_lc_time                              - Undefined Weak Reference
    _getenv_init                              - Undefined Weak Reference
    _handle_redirection                       - Undefined Weak Reference
    _init_alloc                               - Undefined Weak Reference
    _init_user_alloc                          - Undefined Weak Reference
    _initio                                   - Undefined Weak Reference
    _rand_init                                - Undefined Weak Reference
    _signal_finish                            - Undefined Weak Reference
    _signal_init                              - Undefined Weak Reference
    _terminate_alloc                          - Undefined Weak Reference
    _terminate_user_alloc                     - Undefined Weak Reference
    _terminateio                              - Undefined Weak Reference
    __Vectors_End                            0x000000c0   Data           0  startup_mspm0g350x_uvision.o(RESET)
    __Vectors_Size                           0x000000c0   Number         0  startup_mspm0g350x_uvision.o ABSOLUTE
    __main                                   0x000000c1   Thumb Code     8  __main.o(!!!main)
    __scatterload                            0x000000c9   Thumb Code     0  __scatter.o(!!!scatter)
    __scatterload_rt2                        0x000000c9   Thumb Code    74  __scatter.o(!!!scatter)
    __scatterload_rt2_thumb_only             0x000000c9   Thumb Code     0  __scatter.o(!!!scatter)
    __scatterload_loop                       0x000000d3   Thumb Code     0  __scatter.o(!!!scatter)
    __scatterload_null                       0x00000121   Thumb Code     2  __scatter.o(!!handler_null)
    __scatterload_zeroinit                   0x00000129   Thumb Code    28  __scatter_zi.o(!!handler_zi)
    __rt_lib_init                            0x00000145   Thumb Code     0  libinit.o(.ARM.Collect$$libinit$$00000000)
    __rt_lib_init_alloca_1                   0x00000147   Thumb Code     0  libinit2.o(.ARM.Collect$$libinit$$00000030)
    __rt_lib_init_argv_1                     0x00000147   Thumb Code     0  libinit2.o(.ARM.Collect$$libinit$$0000002E)
    __rt_lib_init_atexit_1                   0x00000147   Thumb Code     0  libinit2.o(.ARM.Collect$$libinit$$0000001D)
    __rt_lib_init_clock_1                    0x00000147   Thumb Code     0  libinit2.o(.ARM.Collect$$libinit$$00000023)
    __rt_lib_init_cpp_1                      0x00000147   Thumb Code     0  libinit2.o(.ARM.Collect$$libinit$$00000034)
    __rt_lib_init_exceptions_1               0x00000147   Thumb Code     0  libinit2.o(.ARM.Collect$$libinit$$00000032)
    __rt_lib_init_fp_1                       0x00000147   Thumb Code     0  libinit2.o(.ARM.Collect$$libinit$$00000002)
    __rt_lib_init_fp_trap_1                  0x00000147   Thumb Code     0  libinit2.o(.ARM.Collect$$libinit$$00000021)
    __rt_lib_init_getenv_1                   0x00000147   Thumb Code     0  libinit2.o(.ARM.Collect$$libinit$$00000025)
    __rt_lib_init_heap_1                     0x00000147   Thumb Code     0  libinit2.o(.ARM.Collect$$libinit$$0000000C)
    __rt_lib_init_lc_collate_1               0x00000147   Thumb Code     0  libinit2.o(.ARM.Collect$$libinit$$00000013)
    __rt_lib_init_lc_ctype_1                 0x00000147   Thumb Code     0  libinit2.o(.ARM.Collect$$libinit$$00000015)
    __rt_lib_init_lc_monetary_1              0x00000147   Thumb Code     0  libinit2.o(.ARM.Collect$$libinit$$00000017)
    __rt_lib_init_lc_numeric_1               0x00000147   Thumb Code     0  libinit2.o(.ARM.Collect$$libinit$$00000019)
    __rt_lib_init_lc_time_1                  0x00000147   Thumb Code     0  libinit2.o(.ARM.Collect$$libinit$$0000001B)
    __rt_lib_init_preinit_1                  0x00000147   Thumb Code     0  libinit2.o(.ARM.Collect$$libinit$$00000006)
    __rt_lib_init_rand_1                     0x00000147   Thumb Code     0  libinit2.o(.ARM.Collect$$libinit$$00000010)
    __rt_lib_init_relocate_pie_1             0x00000147   Thumb Code     0  libinit2.o(.ARM.Collect$$libinit$$00000004)
    __rt_lib_init_return                     0x00000147   Thumb Code     0  libinit2.o(.ARM.Collect$$libinit$$00000035)
    __rt_lib_init_signal_1                   0x00000147   Thumb Code     0  libinit2.o(.ARM.Collect$$libinit$$0000001F)
    __rt_lib_init_stdio_1                    0x00000147   Thumb Code     0  libinit2.o(.ARM.Collect$$libinit$$00000027)
    __rt_lib_init_user_alloc_1               0x00000147   Thumb Code     0  libinit2.o(.ARM.Collect$$libinit$$0000000E)
    __rt_lib_shutdown                        0x00000149   Thumb Code     0  libshutdown.o(.ARM.Collect$$libshutdown$$00000000)
    __rt_lib_shutdown_cpp_1                  0x0000014b   Thumb Code     0  libshutdown2.o(.ARM.Collect$$libshutdown$$00000002)
    __rt_lib_shutdown_fp_trap_1              0x0000014b   Thumb Code     0  libshutdown2.o(.ARM.Collect$$libshutdown$$00000007)
    __rt_lib_shutdown_heap_1                 0x0000014b   Thumb Code     0  libshutdown2.o(.ARM.Collect$$libshutdown$$0000000F)
    __rt_lib_shutdown_return                 0x0000014b   Thumb Code     0  libshutdown2.o(.ARM.Collect$$libshutdown$$00000010)
    __rt_lib_shutdown_signal_1               0x0000014b   Thumb Code     0  libshutdown2.o(.ARM.Collect$$libshutdown$$0000000A)
    __rt_lib_shutdown_stdio_1                0x0000014b   Thumb Code     0  libshutdown2.o(.ARM.Collect$$libshutdown$$00000004)
    __rt_lib_shutdown_user_alloc_1           0x0000014b   Thumb Code     0  libshutdown2.o(.ARM.Collect$$libshutdown$$0000000C)
    __rt_entry                               0x0000014d   Thumb Code     0  __rtentry.o(.ARM.Collect$$rtentry$$00000000)
    __rt_entry_presh_1                       0x0000014d   Thumb Code     0  __rtentry2.o(.ARM.Collect$$rtentry$$00000002)
    __rt_entry_sh                            0x0000014d   Thumb Code     0  __rtentry4.o(.ARM.Collect$$rtentry$$00000004)
    __rt_entry_li                            0x00000153   Thumb Code     0  __rtentry2.o(.ARM.Collect$$rtentry$$0000000A)
    __rt_entry_postsh_1                      0x00000153   Thumb Code     0  __rtentry2.o(.ARM.Collect$$rtentry$$00000009)
    __rt_entry_main                          0x00000157   Thumb Code     0  __rtentry2.o(.ARM.Collect$$rtentry$$0000000D)
    __rt_entry_postli_1                      0x00000157   Thumb Code     0  __rtentry2.o(.ARM.Collect$$rtentry$$0000000C)
    __rt_exit                                0x0000015f   Thumb Code     0  rtexit.o(.ARM.Collect$$rtexit$$00000000)
    __rt_exit_ls                             0x00000161   Thumb Code     0  rtexit2.o(.ARM.Collect$$rtexit$$00000003)
    __rt_exit_prels_1                        0x00000161   Thumb Code     0  rtexit2.o(.ARM.Collect$$rtexit$$00000002)
    __rt_exit_exit                           0x00000165   Thumb Code     0  rtexit2.o(.ARM.Collect$$rtexit$$00000004)
    Reset_Handler                            0x0000016d   Thumb Code     4  startup_mspm0g350x_uvision.o(.text)
    NMI_Handler                              0x00000171   Thumb Code     2  startup_mspm0g350x_uvision.o(.text)
    HardFault_Handler                        0x00000173   Thumb Code     2  startup_mspm0g350x_uvision.o(.text)
    SVC_Handler                              0x00000175   Thumb Code     2  startup_mspm0g350x_uvision.o(.text)
    PendSV_Handler                           0x00000177   Thumb Code     2  startup_mspm0g350x_uvision.o(.text)
    ADC1_IRQHandler                          0x0000017b   Thumb Code     0  startup_mspm0g350x_uvision.o(.text)
    AES_IRQHandler                           0x0000017b   Thumb Code     0  startup_mspm0g350x_uvision.o(.text)
    CANFD0_IRQHandler                        0x0000017b   Thumb Code     0  startup_mspm0g350x_uvision.o(.text)
    DAC0_IRQHandler                          0x0000017b   Thumb Code     0  startup_mspm0g350x_uvision.o(.text)
    DMA_IRQHandler                           0x0000017b   Thumb Code     0  startup_mspm0g350x_uvision.o(.text)
    Default_Handler                          0x0000017b   Thumb Code     2  startup_mspm0g350x_uvision.o(.text)
    GROUP0_IRQHandler                        0x0000017b   Thumb Code     0  startup_mspm0g350x_uvision.o(.text)
    GROUP1_IRQHandler                        0x0000017b   Thumb Code     0  startup_mspm0g350x_uvision.o(.text)
    I2C0_IRQHandler                          0x0000017b   Thumb Code     0  startup_mspm0g350x_uvision.o(.text)
    I2C1_IRQHandler                          0x0000017b   Thumb Code     0  startup_mspm0g350x_uvision.o(.text)
    RTC_IRQHandler                           0x0000017b   Thumb Code     0  startup_mspm0g350x_uvision.o(.text)
    SPI0_IRQHandler                          0x0000017b   Thumb Code     0  startup_mspm0g350x_uvision.o(.text)
    SPI1_IRQHandler                          0x0000017b   Thumb Code     0  startup_mspm0g350x_uvision.o(.text)
    TIMA0_IRQHandler                         0x0000017b   Thumb Code     0  startup_mspm0g350x_uvision.o(.text)
    TIMA1_IRQHandler                         0x0000017b   Thumb Code     0  startup_mspm0g350x_uvision.o(.text)
    TIMG0_IRQHandler                         0x0000017b   Thumb Code     0  startup_mspm0g350x_uvision.o(.text)
    TIMG12_IRQHandler                        0x0000017b   Thumb Code     0  startup_mspm0g350x_uvision.o(.text)
    TIMG6_IRQHandler                         0x0000017b   Thumb Code     0  startup_mspm0g350x_uvision.o(.text)
    TIMG7_IRQHandler                         0x0000017b   Thumb Code     0  startup_mspm0g350x_uvision.o(.text)
    TIMG8_IRQHandler                         0x0000017b   Thumb Code     0  startup_mspm0g350x_uvision.o(.text)
    UART0_IRQHandler                         0x0000017b   Thumb Code     0  startup_mspm0g350x_uvision.o(.text)
    UART1_IRQHandler                         0x0000017b   Thumb Code     0  startup_mspm0g350x_uvision.o(.text)
    UART2_IRQHandler                         0x0000017b   Thumb Code     0  startup_mspm0g350x_uvision.o(.text)
    UART3_IRQHandler                         0x0000017b   Thumb Code     0  startup_mspm0g350x_uvision.o(.text)
    __user_initial_stackheap                 0x0000017d   Thumb Code    10  startup_mspm0g350x_uvision.o(.text)
    __aeabi_uidivmod                         0x00000199   Thumb Code    28  aeabi_sdivfast.o(.text)
    __aeabi_idivmod                          0x000001b5   Thumb Code   472  aeabi_sdivfast.o(.text)
    __use_two_region_memory                  0x00000391   Thumb Code     2  heapauxi.o(.text)
    __rt_heap_escrow$2region                 0x00000393   Thumb Code     2  heapauxi.o(.text)
    __rt_heap_expand$2region                 0x00000395   Thumb Code     2  heapauxi.o(.text)
    __aeabi_d2f                              0x00000399   Thumb Code     0  d2f.o(.text)
    _d2f                                     0x00000399   Thumb Code   120  d2f.o(.text)
    __aeabi_dadd                             0x0000070d   Thumb Code     0  daddsub.o(.text)
    _dadd                                    0x0000070d   Thumb Code    26  daddsub.o(.text)
    __aeabi_dsub                             0x00000727   Thumb Code     0  daddsub.o(.text)
    _dsub                                    0x00000727   Thumb Code    22  daddsub.o(.text)
    __aeabi_drsub                            0x0000073d   Thumb Code     0  daddsub.o(.text)
    _drsb                                    0x0000073d   Thumb Code    28  daddsub.o(.text)
    __aeabi_ddiv                             0x0000076d   Thumb Code     0  ddiv.o(.text)
    _ddiv                                    0x0000076d   Thumb Code  1072  ddiv.o(.text)
    _drdiv                                   0x00000b9d   Thumb Code    20  ddiv.o(.text)
    __aeabi_d2iz                             0x00000bb5   Thumb Code     0  dfixi.o(.text)
    _dfix                                    0x00000bb5   Thumb Code    98  dfixi.o(.text)
    __aeabi_i2d_normalise                    0x00000c21   Thumb Code    66  dflti.o(.text)
    __aeabi_i2d                              0x00000c63   Thumb Code    16  dflti.o(.text)
    _dflt                                    0x00000c63   Thumb Code     0  dflti.o(.text)
    __aeabi_ui2d                             0x00000c73   Thumb Code     6  dflti.o(.text)
    _dfltu                                   0x00000c73   Thumb Code     0  dflti.o(.text)
    __aeabi_dmul                             0x00000c79   Thumb Code     0  dmul.o(.text)
    _dmul                                    0x00000c79   Thumb Code   558  dmul.o(.text)
    __aeabi_f2d                              0x00000ec1   Thumb Code     0  f2d.o(.text)
    _f2d                                     0x00000ec1   Thumb Code    80  f2d.o(.text)
    __aeabi_fdiv                             0x00000f15   Thumb Code     0  fdiv.o(.text)
    _fdiv                                    0x00000f15   Thumb Code   334  fdiv.o(.text)
    _frdiv                                   0x00001063   Thumb Code     8  fdiv.o(.text)
    __aeabi_f2iz                             0x00001075   Thumb Code     0  ffixi.o(.text)
    _ffix                                    0x00001075   Thumb Code    76  ffixi.o(.text)
    __aeabi_f2uiz                            0x000010c1   Thumb Code     0  ffixui.o(.text)
    _ffixu                                   0x000010c1   Thumb Code    48  ffixui.o(.text)
    __aeabi_i2f_normalise                    0x000010f1   Thumb Code    72  fflti.o(.text)
    __aeabi_i2f                              0x00001139   Thumb Code    16  fflti.o(.text)
    _fflt                                    0x00001139   Thumb Code     0  fflti.o(.text)
    __aeabi_ui2f                             0x00001149   Thumb Code     6  fflti.o(.text)
    _ffltu                                   0x00001149   Thumb Code     0  fflti.o(.text)
    __read_errno                             0x0000114f   Thumb Code    10  _rserrno.o(.text)
    __set_errno                              0x00001159   Thumb Code    12  _rserrno.o(.text)
    _dsqrt                                   0x00001165   Thumb Code   248  dsqrt.o(.text)
    __ARM_scalbnf                            0x00001265   Thumb Code    64  fscalbn.o(.text)
    _fsqrt                                   0x000012a9   Thumb Code   140  fsqrt.o(.text)
    __aeabi_errno_addr                       0x00001339   Thumb Code     8  rt_errno_addr_intlibspace.o(.text)
    __errno$intlibspace                      0x00001339   Thumb Code     0  rt_errno_addr_intlibspace.o(.text)
    __rt_errno_addr$intlibspace              0x00001339   Thumb Code     0  rt_errno_addr_intlibspace.o(.text)
    __fpl_fcmp_InfNaN                        0x00001341   Thumb Code    96  fcmpin.o(.text)
    __user_libspace                          0x000013a5   Thumb Code     8  libspace.o(.text)
    __user_perproc_libspace                  0x000013a5   Thumb Code     0  libspace.o(.text)
    __user_perthread_libspace                0x000013a5   Thumb Code     0  libspace.o(.text)
    __user_setup_stackheap                   0x000013ad   Thumb Code    62  sys_stackheap_outer.o(.text)
    exit                                     0x000013eb   Thumb Code    16  exit.o(.text)
    __fpl_cmpreturn                          0x000013fb   Thumb Code    46  cmpret.o(.text)
    __fpl_fcheck_NaN2                        0x00001429   Thumb Code    10  fnan2.o(.text)
    __fpl_return_NaN                         0x00001439   Thumb Code    94  retnan.o(.text)
    _sys_exit                                0x00001499   Thumb Code     8  sys_exit.o(.text)
    __I$use$semihosting                      0x000014a5   Thumb Code     0  use_no_semi.o(.text)
    __use_no_semihosting_swi                 0x000014a5   Thumb Code     2  use_no_semi.o(.text)
    __semihosting_library_function           0x000014a7   Thumb Code     0  indicate_semi.o(.text)
    ADC0_IRQHandler                          0x000014a9   Thumb Code    44  adc12_triggered_by_timer_event.o(.text.ADC0_IRQHandler)
    DL_ADC12_setClockConfig                  0x000014e5   Thumb Code    56  dl_adc12.o(.text.DL_ADC12_setClockConfig)
    DL_Common_delayCycles                    0x00001525   Thumb Code    10  dl_common.o(.text.DL_Common_delayCycles)
    DL_DAC12_init                            0x00001531   Thumb Code   104  dl_dac12.o(.text.DL_DAC12_init)
    DL_DMA_initChannel                       0x000015b9   Thumb Code    64  dl_dma.o(.text.DL_DMA_initChannel)
    SYSCFG_DL_ADC12_0_init                   0x000015fd   Thumb Code   128  ti_msp_dl_config.o(.text.SYSCFG_DL_ADC12_0_init)
    SYSCFG_DL_DAC12_init                     0x00001695   Thumb Code    24  ti_msp_dl_config.o(.text.SYSCFG_DL_DAC12_init)
    SYSCFG_DL_DMA_CH0_init                   0x000016b9   Thumb Code    16  ti_msp_dl_config.o(.text.SYSCFG_DL_DMA_CH0_init)
    SYSCFG_DL_DMA_init                       0x000016d1   Thumb Code     8  ti_msp_dl_config.o(.text.SYSCFG_DL_DMA_init)
    SYSCFG_DL_GPIO_init                      0x000016d9   Thumb Code    20  ti_msp_dl_config.o(.text.SYSCFG_DL_GPIO_init)
    SYSCFG_DL_SYSCTL_init                    0x000016f5   Thumb Code    68  ti_msp_dl_config.o(.text.SYSCFG_DL_SYSCTL_init)
    SYSCFG_DL_SYSTICK_init                   0x00001741   Thumb Code    36  ti_msp_dl_config.o(.text.SYSCFG_DL_SYSTICK_init)
    SYSCFG_DL_init                           0x00001771   Thumb Code    32  ti_msp_dl_config.o(.text.SYSCFG_DL_init)
    SYSCFG_DL_initPower                      0x00001791   Thumb Code    40  ti_msp_dl_config.o(.text.SYSCFG_DL_initPower)
    SysTick_Handler                          0x000017d1   Thumb Code     2  adc12_triggered_by_timer_event.o(.text.SysTick_Handler)
    adapt_signal                             0x000017d5   Thumb Code  1204  my_arm_math.o(.text.adapt_signal)
    arm_bitreversal_32                       0x00001c8d   Thumb Code    50  arm_bitreversal2.o(.text.arm_bitreversal_32)
    arm_cfft_f32                             0x00001cc1   Thumb Code   228  arm_cfft_f32.o(.text.arm_cfft_f32)
    arm_cfft_radix8by2_f32                   0x00001da5   Thumb Code   596  arm_cfft_f32.o(.text.arm_cfft_radix8by2_f32)
    arm_cfft_radix8by4_f32                   0x00001ff9   Thumb Code  1488  arm_cfft_f32.o(.text.arm_cfft_radix8by4_f32)
    arm_cmplx_mag_f32                        0x000025c9   Thumb Code    56  arm_cmplx_mag_f32.o(.text.arm_cmplx_mag_f32)
    arm_radix8_butterfly_f32                 0x00002601   Thumb Code  2068  arm_cfft_radix8_f32.o(.text.arm_radix8_butterfly_f32)
    delay_us                                 0x00002e15   Thumb Code    64  board.o(.text.delay_us)
    harmony_wave                             0x00002e59   Thumb Code  1160  my_arm_math.o(.text.harmony_wave)
    list_period                              0x000032e5   Thumb Code  1228  my_arm_math.o(.text.list_period)
    main                                     0x000037bd   Thumb Code  1072  adc12_triggered_by_timer_event.o(.text.main)
    v_FFT                                    0x00003c61   Thumb Code   200  adc12_triggered_by_timer_event.o(.text.v_FFT)
    __aeabi_uidiv                            0x00003d45   Thumb Code    68  aeabi_sdivfast.o(.text_divfast)
    __aeabi_idiv                             0x00003d89   Thumb Code   434  aeabi_sdivfast.o(.text_divfast)
    __mathlib_flt_divzero                    0x00003f3b   Thumb Code    14  funder.o(i.__mathlib_flt_divzero)
    __mathlib_flt_infnan                     0x00003f49   Thumb Code    10  funder.o(i.__mathlib_flt_infnan)
    __mathlib_flt_invalid                    0x00003f53   Thumb Code    12  funder.o(i.__mathlib_flt_invalid)
    __aeabi_fcmpge                           0x00003f5f   Thumb Code     0  fcmp.o(i._fgeq)
    _fgeq                                    0x00003f5f   Thumb Code    22  fcmp.o(i._fgeq)
    __aeabi_fcmplt                           0x00003f75   Thumb Code     0  fcmp.o(i._fls)
    _fls                                     0x00003f75   Thumb Code    22  fcmp.o(i._fls)
    __mathlib_logf                           0x00003f8d   Thumb Code     0  logf.o(i.logf)
    logf                                     0x00003f8d   Thumb Code   338  logf.o(i.logf)
    sqrt                                     0x00004109   Thumb Code    66  sqrt.o(i.sqrt)
    sqrtf                                    0x00004151   Thumb Code    44  sqrtf.o(i.sqrtf)
    __aeabi_fadd                             0x0000417d   Thumb Code     0  faddsub.o(x$fpl$fadd)
    _fadd                                    0x0000417d   Thumb Code   134  faddsub.o(x$fpl$fadd)
    _fcmpge                                  0x00004209   Thumb Code    78  fgef.o(x$fpl$fgeqf)
    __aeabi_cfcmple                          0x0000425d   Thumb Code     0  flef.o(x$fpl$fleqf)
    _fcmple                                  0x0000425d   Thumb Code    78  flef.o(x$fpl$fleqf)
    __aeabi_fmul                             0x000042b1   Thumb Code     0  fmul.o(x$fpl$fmul)
    _fmul                                    0x000042b1   Thumb Code   172  fmul.o(x$fpl$fmul)
    __aeabi_fsub                             0x00004361   Thumb Code     0  faddsub.o(x$fpl$fsub)
    _fsub                                    0x00004361   Thumb Code   204  faddsub.o(x$fpl$fsub)
    __I$use$fp                               0x00004430   Number         0  usenofp.o(x$fpl$usenofp)
    armBitRevIndexTable256                   0x00004530   Data         880  arm_common_tables.o(.rodata.armBitRevIndexTable256)
    arm_cfft_sR_f32_len256                   0x000048a0   Data          16  arm_const_structs.o(.rodata.arm_cfft_sR_f32_len256)
    twiddleCoef_256                          0x000048f0   Data        2048  arm_common_tables.o(.rodata.twiddleCoef_256)
    Region$$Table$$Base                      0x000050f0   Number         0  anon$$obj.o(Region$$Table)
    Region$$Table$$Limit                     0x00005100   Number         0  anon$$obj.o(Region$$Table)
    __libspace_start                         0x20200000   Data          96  libspace.o(.bss)
    ADC_RATE                                 0x20200060   Data           4  adc12_triggered_by_timer_event.o(.bss.ADC_RATE)
    __temporary_stack_top$libspace           0x20200060   Data           0  libspace.o(.bss)
    Vpp                                      0x20200064   Data           4  adc12_triggered_by_timer_event.o(.bss.Vpp)
    Xiebo                                    0x20200068   Data          24  adc12_triggered_by_timer_event.o(.bss.Xiebo)
    base_index                               0x20200080   Data           4  adc12_triggered_by_timer_event.o(.bss.base_index)
    facter                                   0x20200084   Data           4  adc12_triggered_by_timer_event.o(.bss.facter)
    fcom_gAdcResult                          0x20200088   Data        2048  adc12_triggered_by_timer_event.o(.bss.fcom_gAdcResult)
    fl_gFFTOutput_mag                        0x20200888   Data        1024  adc12_triggered_by_timer_event.o(.bss.fl_gFFTOutput_mag)
    freq_base                                0x20200c88   Data           4  adc12_triggered_by_timer_event.o(.bss.freq_base)
    gAdcResult                               0x20200c8c   Data         528  adc12_triggered_by_timer_event.o(.bss.gAdcResult)
    gCheckADC                                0x20200e9c   Data           1  adc12_triggered_by_timer_event.o(.bss.gCheckADC)
    gain                                     0x20200ea0   Data           4  adc12_triggered_by_timer_event.o(.bss.gain)
    max_mag                                  0x20200ea4   Data           4  adc12_triggered_by_timer_event.o(.bss.max_mag)
    period1                                  0x20200ea8   Data          36  my_arm_math.o(.bss.period1)
    rise_1                                   0x20200ecc   Data          36  my_arm_math.o(.bss.rise_1)
    rise_2                                   0x20200ef0   Data          36  my_arm_math.o(.bss.rise_2)
    temp                                     0x20200f14   Data        1024  my_arm_math.o(.bss.temp)
    temp_period                              0x20201314   Data           4  adc12_triggered_by_timer_event.o(.bss.temp_period)
    thd                                      0x20201318   Data           4  adc12_triggered_by_timer_event.o(.bss.thd)



==============================================================================

Memory Map of the image

  Image Entry point : 0x000000c1

  Load Region LR_IROM1 (Base: 0x00000000, Size: 0x00005100, Max: 0x00020000, ABSOLUTE)

    Execution Region ER_IROM1 (Exec base: 0x00000000, Load base: 0x00000000, Size: 0x00005100, Max: 0x00020000, ABSOLUTE)

    Exec Addr    Load Addr    Size         Type   Attr      Idx    E Section Name        Object

    0x00000000   0x00000000   0x000000c0   Data   RO           43    RESET               startup_mspm0g350x_uvision.o
    0x000000c0   0x000000c0   0x00000008   Code   RO         1101  * !!!main             c_p.l(__main.o)
    0x000000c8   0x000000c8   0x00000054   Code   RO         1383    !!!scatter          c_p.l(__scatter.o)
    0x0000011c   0x0000011c   0x00000004   PAD
    0x00000120   0x00000120   0x00000002   Code   RO         1384    !!handler_null      c_p.l(__scatter.o)
    0x00000122   0x00000122   0x00000006   PAD
    0x00000128   0x00000128   0x0000001c   Code   RO         1387    !!handler_zi        c_p.l(__scatter_zi.o)
    0x00000144   0x00000144   0x00000002   Code   RO         1241    .ARM.Collect$$libinit$$00000000  c_p.l(libinit.o)
    0x00000146   0x00000146   0x00000000   Code   RO         1256    .ARM.Collect$$libinit$$00000002  c_p.l(libinit2.o)
    0x00000146   0x00000146   0x00000000   Code   RO         1258    .ARM.Collect$$libinit$$00000004  c_p.l(libinit2.o)
    0x00000146   0x00000146   0x00000000   Code   RO         1260    .ARM.Collect$$libinit$$00000006  c_p.l(libinit2.o)
    0x00000146   0x00000146   0x00000000   Code   RO         1263    .ARM.Collect$$libinit$$0000000C  c_p.l(libinit2.o)
    0x00000146   0x00000146   0x00000000   Code   RO         1265    .ARM.Collect$$libinit$$0000000E  c_p.l(libinit2.o)
    0x00000146   0x00000146   0x00000000   Code   RO         1267    .ARM.Collect$$libinit$$00000010  c_p.l(libinit2.o)
    0x00000146   0x00000146   0x00000000   Code   RO         1270    .ARM.Collect$$libinit$$00000013  c_p.l(libinit2.o)
    0x00000146   0x00000146   0x00000000   Code   RO         1272    .ARM.Collect$$libinit$$00000015  c_p.l(libinit2.o)
    0x00000146   0x00000146   0x00000000   Code   RO         1274    .ARM.Collect$$libinit$$00000017  c_p.l(libinit2.o)
    0x00000146   0x00000146   0x00000000   Code   RO         1276    .ARM.Collect$$libinit$$00000019  c_p.l(libinit2.o)
    0x00000146   0x00000146   0x00000000   Code   RO         1278    .ARM.Collect$$libinit$$0000001B  c_p.l(libinit2.o)
    0x00000146   0x00000146   0x00000000   Code   RO         1280    .ARM.Collect$$libinit$$0000001D  c_p.l(libinit2.o)
    0x00000146   0x00000146   0x00000000   Code   RO         1282    .ARM.Collect$$libinit$$0000001F  c_p.l(libinit2.o)
    0x00000146   0x00000146   0x00000000   Code   RO         1284    .ARM.Collect$$libinit$$00000021  c_p.l(libinit2.o)
    0x00000146   0x00000146   0x00000000   Code   RO         1286    .ARM.Collect$$libinit$$00000023  c_p.l(libinit2.o)
    0x00000146   0x00000146   0x00000000   Code   RO         1288    .ARM.Collect$$libinit$$00000025  c_p.l(libinit2.o)
    0x00000146   0x00000146   0x00000000   Code   RO         1290    .ARM.Collect$$libinit$$00000027  c_p.l(libinit2.o)
    0x00000146   0x00000146   0x00000000   Code   RO         1294    .ARM.Collect$$libinit$$0000002E  c_p.l(libinit2.o)
    0x00000146   0x00000146   0x00000000   Code   RO         1296    .ARM.Collect$$libinit$$00000030  c_p.l(libinit2.o)
    0x00000146   0x00000146   0x00000000   Code   RO         1298    .ARM.Collect$$libinit$$00000032  c_p.l(libinit2.o)
    0x00000146   0x00000146   0x00000000   Code   RO         1300    .ARM.Collect$$libinit$$00000034  c_p.l(libinit2.o)
    0x00000146   0x00000146   0x00000002   Code   RO         1301    .ARM.Collect$$libinit$$00000035  c_p.l(libinit2.o)
    0x00000148   0x00000148   0x00000002   Code   RO         1338    .ARM.Collect$$libshutdown$$00000000  c_p.l(libshutdown.o)
    0x0000014a   0x0000014a   0x00000000   Code   RO         1366    .ARM.Collect$$libshutdown$$00000002  c_p.l(libshutdown2.o)
    0x0000014a   0x0000014a   0x00000000   Code   RO         1368    .ARM.Collect$$libshutdown$$00000004  c_p.l(libshutdown2.o)
    0x0000014a   0x0000014a   0x00000000   Code   RO         1371    .ARM.Collect$$libshutdown$$00000007  c_p.l(libshutdown2.o)
    0x0000014a   0x0000014a   0x00000000   Code   RO         1374    .ARM.Collect$$libshutdown$$0000000A  c_p.l(libshutdown2.o)
    0x0000014a   0x0000014a   0x00000000   Code   RO         1376    .ARM.Collect$$libshutdown$$0000000C  c_p.l(libshutdown2.o)
    0x0000014a   0x0000014a   0x00000000   Code   RO         1379    .ARM.Collect$$libshutdown$$0000000F  c_p.l(libshutdown2.o)
    0x0000014a   0x0000014a   0x00000002   Code   RO         1380    .ARM.Collect$$libshutdown$$00000010  c_p.l(libshutdown2.o)
    0x0000014c   0x0000014c   0x00000000   Code   RO         1164    .ARM.Collect$$rtentry$$00000000  c_p.l(__rtentry.o)
    0x0000014c   0x0000014c   0x00000000   Code   RO         1201    .ARM.Collect$$rtentry$$00000002  c_p.l(__rtentry2.o)
    0x0000014c   0x0000014c   0x00000006   Code   RO         1213    .ARM.Collect$$rtentry$$00000004  c_p.l(__rtentry4.o)
    0x00000152   0x00000152   0x00000000   Code   RO         1203    .ARM.Collect$$rtentry$$00000009  c_p.l(__rtentry2.o)
    0x00000152   0x00000152   0x00000004   Code   RO         1204    .ARM.Collect$$rtentry$$0000000A  c_p.l(__rtentry2.o)
    0x00000156   0x00000156   0x00000000   Code   RO         1206    .ARM.Collect$$rtentry$$0000000C  c_p.l(__rtentry2.o)
    0x00000156   0x00000156   0x00000008   Code   RO         1207    .ARM.Collect$$rtentry$$0000000D  c_p.l(__rtentry2.o)
    0x0000015e   0x0000015e   0x00000002   Code   RO         1247    .ARM.Collect$$rtexit$$00000000  c_p.l(rtexit.o)
    0x00000160   0x00000160   0x00000000   Code   RO         1309    .ARM.Collect$$rtexit$$00000002  c_p.l(rtexit2.o)
    0x00000160   0x00000160   0x00000004   Code   RO         1310    .ARM.Collect$$rtexit$$00000003  c_p.l(rtexit2.o)
    0x00000164   0x00000164   0x00000006   Code   RO         1311    .ARM.Collect$$rtexit$$00000004  c_p.l(rtexit2.o)
    0x0000016a   0x0000016a   0x00000002   PAD
    0x0000016c   0x0000016c   0x0000002c   Code   RO           44    .text               startup_mspm0g350x_uvision.o
    0x00000198   0x00000198   0x000001f8   Code   RO         1091    .text               c_p.l(aeabi_sdivfast.o)
    0x00000390   0x00000390   0x00000006   Code   RO         1099    .text               c_p.l(heapauxi.o)
    0x00000396   0x00000396   0x00000002   PAD
    0x00000398   0x00000398   0x0000007c   Code   RO         1103    .text               fz_ps.l(d2f.o)
    0x00000414   0x00000414   0x00000358   Code   RO         1105    .text               fz_ps.l(daddsub.o)
    0x0000076c   0x0000076c   0x00000448   Code   RO         1107    .text               fz_ps.l(ddiv.o)
    0x00000bb4   0x00000bb4   0x0000006c   Code   RO         1110    .text               fz_ps.l(dfixi.o)
    0x00000c20   0x00000c20   0x00000058   Code   RO         1112    .text               fz_ps.l(dflti.o)
    0x00000c78   0x00000c78   0x00000248   Code   RO         1114    .text               fz_ps.l(dmul.o)
    0x00000ec0   0x00000ec0   0x00000054   Code   RO         1116    .text               fz_ps.l(f2d.o)
    0x00000f14   0x00000f14   0x00000160   Code   RO         1136    .text               fz_ps.l(fdiv.o)
    0x00001074   0x00001074   0x0000004c   Code   RO         1139    .text               fz_ps.l(ffixi.o)
    0x000010c0   0x000010c0   0x00000030   Code   RO         1141    .text               fz_ps.l(ffixui.o)
    0x000010f0   0x000010f0   0x0000005e   Code   RO         1143    .text               fz_ps.l(fflti.o)
    0x0000114e   0x0000114e   0x00000016   Code   RO         1169    .text               c_p.l(_rserrno.o)
    0x00001164   0x00001164   0x00000100   Code   RO         1171    .text               fz_ps.l(dsqrt.o)
    0x00001264   0x00001264   0x00000044   Code   RO         1179    .text               fz_ps.l(fscalbn.o)
    0x000012a8   0x000012a8   0x00000090   Code   RO         1181    .text               fz_ps.l(fsqrt.o)
    0x00001338   0x00001338   0x00000008   Code   RO         1220    .text               c_p.l(rt_errno_addr_intlibspace.o)
    0x00001340   0x00001340   0x00000064   Code   RO         1222    .text               fz_ps.l(fcmpin.o)
    0x000013a4   0x000013a4   0x00000008   Code   RO         1224    .text               c_p.l(libspace.o)
    0x000013ac   0x000013ac   0x0000003e   Code   RO         1227    .text               c_p.l(sys_stackheap_outer.o)
    0x000013ea   0x000013ea   0x00000010   Code   RO         1230    .text               c_p.l(exit.o)
    0x000013fa   0x000013fa   0x0000002e   Code   RO         1242    .text               fz_ps.l(cmpret.o)
    0x00001428   0x00001428   0x00000010   Code   RO         1244    .text               fz_ps.l(fnan2.o)
    0x00001438   0x00001438   0x0000005e   Code   RO         1302    .text               fz_ps.l(retnan.o)
    0x00001496   0x00001496   0x00000002   PAD
    0x00001498   0x00001498   0x0000000c   Code   RO         1304    .text               c_p.l(sys_exit.o)
    0x000014a4   0x000014a4   0x00000002   Code   RO         1327    .text               c_p.l(use_no_semi.o)
    0x000014a6   0x000014a6   0x00000000   Code   RO         1329    .text               c_p.l(indicate_semi.o)
    0x000014a6   0x000014a6   0x00000002   PAD
    0x000014a8   0x000014a8   0x0000003c   Code   RO           14    .text.ADC0_IRQHandler  adc12_triggered_by_timer_event.o
    0x000014e4   0x000014e4   0x00000040   Code   RO          123    .text.DL_ADC12_setClockConfig  dl_adc12.o
    0x00001524   0x00001524   0x0000000a   Code   RO          172    .text.DL_Common_delayCycles  dl_common.o
    0x0000152e   0x0000152e   0x00000002   PAD
    0x00001530   0x00001530   0x00000088   Code   RO          198    .text.DL_DAC12_init  dl_dac12.o
    0x000015b8   0x000015b8   0x00000044   Code   RO          218    .text.DL_DMA_initChannel  dl_dma.o
    0x000015fc   0x000015fc   0x00000098   Code   RO           59    .text.SYSCFG_DL_ADC12_0_init  ti_msp_dl_config.o
    0x00001694   0x00001694   0x00000024   Code   RO           65    .text.SYSCFG_DL_DAC12_init  ti_msp_dl_config.o
    0x000016b8   0x000016b8   0x00000018   Code   RO           67    .text.SYSCFG_DL_DMA_CH0_init  ti_msp_dl_config.o
    0x000016d0   0x000016d0   0x00000008   Code   RO           61    .text.SYSCFG_DL_DMA_init  ti_msp_dl_config.o
    0x000016d8   0x000016d8   0x0000001c   Code   RO           55    .text.SYSCFG_DL_GPIO_init  ti_msp_dl_config.o
    0x000016f4   0x000016f4   0x0000004c   Code   RO           57    .text.SYSCFG_DL_SYSCTL_init  ti_msp_dl_config.o
    0x00001740   0x00001740   0x00000030   Code   RO           63    .text.SYSCFG_DL_SYSTICK_init  ti_msp_dl_config.o
    0x00001770   0x00001770   0x00000020   Code   RO           51    .text.SYSCFG_DL_init  ti_msp_dl_config.o
    0x00001790   0x00001790   0x00000040   Code   RO           53    .text.SYSCFG_DL_initPower  ti_msp_dl_config.o
    0x000017d0   0x000017d0   0x00000002   Code   RO           16    .text.SysTick_Handler  adc12_triggered_by_timer_event.o
    0x000017d2   0x000017d2   0x00000002   PAD
    0x000017d4   0x000017d4   0x000004b8   Code   RO          107    .text.adapt_signal  my_arm_math.o
    0x00001c8c   0x00001c8c   0x00000032   Code   RO         1069    .text.arm_bitreversal_32  arm_cortexM0l_math.a(arm_bitreversal2.o)
    0x00001cbe   0x00001cbe   0x00000002   PAD
    0x00001cc0   0x00001cc0   0x000000e4   Code   RO          937    .text.arm_cfft_f32  arm_cortexM0l_math.a(arm_cfft_f32.o)
    0x00001da4   0x00001da4   0x00000254   Code   RO          933    .text.arm_cfft_radix8by2_f32  arm_cortexM0l_math.a(arm_cfft_f32.o)
    0x00001ff8   0x00001ff8   0x000005d0   Code   RO          935    .text.arm_cfft_radix8by4_f32  arm_cortexM0l_math.a(arm_cfft_f32.o)
    0x000025c8   0x000025c8   0x00000038   Code   RO          924    .text.arm_cmplx_mag_f32  arm_cortexM0l_math.a(arm_cmplx_mag_f32.o)
    0x00002600   0x00002600   0x00000814   Code   RO         1081    .text.arm_radix8_butterfly_f32  arm_cortexM0l_math.a(arm_cfft_radix8_f32.o)
    0x00002e14   0x00002e14   0x00000044   Code   RO           82    .text.delay_us      board.o
    0x00002e58   0x00002e58   0x0000048c   Code   RO          109    .text.harmony_wave  my_arm_math.o
    0x000032e4   0x000032e4   0x000004d8   Code   RO          105    .text.list_period   my_arm_math.o
    0x000037bc   0x000037bc   0x000004a4   Code   RO            2    .text.main          adc12_triggered_by_timer_event.o
    0x00003c60   0x00003c60   0x000000e4   Code   RO           12    .text.v_FFT         adc12_triggered_by_timer_event.o
    0x00003d44   0x00003d44   0x000001f6   Code   RO         1092    .text_divfast       c_p.l(aeabi_sdivfast.o)
    0x00003f3a   0x00003f3a   0x0000000e   Code   RO         1186    i.__mathlib_flt_divzero  m_ps.l(funder.o)
    0x00003f48   0x00003f48   0x0000000a   Code   RO         1187    i.__mathlib_flt_infnan  m_ps.l(funder.o)
    0x00003f52   0x00003f52   0x0000000c   Code   RO         1189    i.__mathlib_flt_invalid  m_ps.l(funder.o)
    0x00003f5e   0x00003f5e   0x00000016   Code   RO         1125    i._fgeq             fz_ps.l(fcmp.o)
    0x00003f74   0x00003f74   0x00000016   Code   RO         1128    i._fls              fz_ps.l(fcmp.o)
    0x00003f8a   0x00003f8a   0x00000002   PAD
    0x00003f8c   0x00003f8c   0x0000017c   Code   RO         1152    i.logf              m_ps.l(logf.o)
    0x00004108   0x00004108   0x00000048   Code   RO         1157    i.sqrt              m_ps.l(sqrt.o)
    0x00004150   0x00004150   0x0000002c   Code   RO         1161    i.sqrtf             m_ps.l(sqrtf.o)
    0x0000417c   0x0000417c   0x0000008c   Code   RO         1118    x$fpl$fadd          fz_ps.l(faddsub.o)
    0x00004208   0x00004208   0x00000054   Code   RO         1175    x$fpl$fgeqf         fz_ps.l(fgef.o)
    0x0000425c   0x0000425c   0x00000054   Code   RO         1177    x$fpl$fleqf         fz_ps.l(flef.o)
    0x000042b0   0x000042b0   0x000000b0   Code   RO         1145    x$fpl$fmul          fz_ps.l(fmul.o)
    0x00004360   0x00004360   0x000000d0   Code   RO         1120    x$fpl$fsub          fz_ps.l(faddsub.o)
    0x00004430   0x00004430   0x00000000   Code   RO         1183    x$fpl$usenofp       fz_ps.l(usenofp.o)
    0x00004430   0x00004430   0x00000080   Data   RO         1108    .constdata          fz_ps.l(ddiv.o)
    0x000044b0   0x000044b0   0x00000040   Data   RO         1137    .constdata          fz_ps.l(fdiv.o)
    0x000044f0   0x000044f0   0x00000040   Data   RO         1153    .constdata          m_ps.l(logf.o)
    0x00004530   0x00004530   0x00000370   Data   RO          997    .rodata.armBitRevIndexTable256  arm_cortexM0l_math.a(arm_common_tables.o)
    0x000048a0   0x000048a0   0x00000010   Data   RO          862    .rodata.arm_cfft_sR_f32_len256  arm_cortexM0l_math.a(arm_const_structs.o)
    0x000048b0   0x000048b0   0x00000008   Data   RO           69    .rodata.gADC12_0ClockConfig  ti_msp_dl_config.o
    0x000048b8   0x000048b8   0x00000020   Data   RO           71    .rodata.gDAC12Config  ti_msp_dl_config.o
    0x000048d8   0x000048d8   0x00000018   Data   RO           70    .rodata.gDMA_CH0Config  ti_msp_dl_config.o
    0x000048f0   0x000048f0   0x00000800   Data   RO          961    .rodata.twiddleCoef_256  arm_cortexM0l_math.a(arm_common_tables.o)
    0x000050f0   0x000050f0   0x00000010   Data   RO         1382    Region$$Table       anon$$obj.o


    Execution Region RW_IRAM2 (Exec base: 0x20200000, Load base: 0x00005100, Size: 0x00001420, Max: 0x00008000, ABSOLUTE)

    Exec Addr    Load Addr    Size         Type   Attr      Idx    E Section Name        Object

    0x20200000        -       0x00000060   Zero   RW         1225    .bss                c_p.l(libspace.o)
    0x20200060        -       0x00000004   Zero   RW           18    .bss.ADC_RATE       adc12_triggered_by_timer_event.o
    0x20200064        -       0x00000004   Zero   RW           22    .bss.Vpp            adc12_triggered_by_timer_event.o
    0x20200068        -       0x00000018   Zero   RW           28    .bss.Xiebo          adc12_triggered_by_timer_event.o
    0x20200080        -       0x00000004   Zero   RW           24    .bss.base_index     adc12_triggered_by_timer_event.o
    0x20200084        -       0x00000004   Zero   RW           26    .bss.facter         adc12_triggered_by_timer_event.o
    0x20200088        -       0x00000800   Zero   RW           31    .bss.fcom_gAdcResult  adc12_triggered_by_timer_event.o
    0x20200888        -       0x00000400   Zero   RW           25    .bss.fl_gFFTOutput_mag  adc12_triggered_by_timer_event.o
    0x20200c88        -       0x00000004   Zero   RW           27    .bss.freq_base      adc12_triggered_by_timer_event.o
    0x20200c8c        -       0x00000210   Zero   RW           21    .bss.gAdcResult     adc12_triggered_by_timer_event.o
    0x20200e9c        -       0x00000001   Zero   RW           20    .bss.gCheckADC      adc12_triggered_by_timer_event.o
    0x20200e9d   0x00005100   0x00000003   PAD
    0x20200ea0        -       0x00000004   Zero   RW           19    .bss.gain           adc12_triggered_by_timer_event.o
    0x20200ea4        -       0x00000004   Zero   RW           23    .bss.max_mag        adc12_triggered_by_timer_event.o
    0x20200ea8        -       0x00000024   Zero   RW          113    .bss.period1        my_arm_math.o
    0x20200ecc        -       0x00000024   Zero   RW          111    .bss.rise_1         my_arm_math.o
    0x20200ef0        -       0x00000024   Zero   RW          112    .bss.rise_2         my_arm_math.o
    0x20200f14        -       0x00000400   Zero   RW          114    .bss.temp           my_arm_math.o
    0x20201314        -       0x00000004   Zero   RW           30    .bss.temp_period    adc12_triggered_by_timer_event.o
    0x20201318        -       0x00000004   Zero   RW           29    .bss.thd            adc12_triggered_by_timer_event.o
    0x2020131c   0x00005100   0x00000004   PAD
    0x20201320        -       0x00000000   Zero   RW           42    HEAP                startup_mspm0g350x_uvision.o
    0x20201320        -       0x00000100   Zero   RW           41    STACK               startup_mspm0g350x_uvision.o



  Load Region LR_BCR (Base: 0x41c00000, Size: 0x00000000, Max: 0x00000100, ABSOLUTE)

    Execution Region BCR_CONFIG (Exec base: 0x41c00000, Load base: 0x41c00000, Size: 0x00000000, Max: 0x00000080, ABSOLUTE)

    **** No section assigned to this execution region ****



  Load Region LR_BSL (Base: 0x41c00100, Size: 0x00000000, Max: 0x00000100, ABSOLUTE)

    Execution Region BSL_CONFIG (Exec base: 0x41c00100, Load base: 0x41c00100, Size: 0x00000000, Max: 0x00000080, ABSOLUTE)

    **** No section assigned to this execution region ****


==============================================================================

Image component sizes


      Code (inc. data)   RO Data    RW Data    ZI Data      Debug   Object Name

      1478        188          0          0       3661      14969   adc12_triggered_by_timer_event.o
        68          4          0          0          0       3442   board.o
        64          8          0          0          0       4533   dl_adc12.o
        10          0          0          0          0        593   dl_common.o
       136         32          0          0          0       8925   dl_dac12.o
        68          4          0          0          0       4381   dl_dma.o
      3612         24          0          0       1132      11036   my_arm_math.o
        44         18        192          0        256        696   startup_mspm0g350x_uvision.o
       468         96         64          0          0      27158   ti_msp_dl_config.o

    ----------------------------------------------------------------------
      5952        374        272          0       5056      75733   Object Totals
         0          0         16          0          0          0   (incl. Generated)
         4          0          0          0          7          0   (incl. Padding)

    ----------------------------------------------------------------------

      Code (inc. data)   RO Data    RW Data    ZI Data      Debug   Library Member Name

        50          0          0          0          0       2289   arm_bitreversal2.o
      2312          4          0          0          0       6044   arm_cfft_f32.o
      2068          8          0          0          0       3940   arm_cfft_radix8_f32.o
        56          0          0          0          0       1692   arm_cmplx_mag_f32.o
         0          0       2928          0          0       6406   arm_common_tables.o
         0          0         16          0          0       4977   arm_const_structs.o
         8          0          0          0          0         68   __main.o
         0          0          0          0          0          0   __rtentry.o
        12          0          0          0          0          0   __rtentry2.o
         6          0          0          0          0          0   __rtentry4.o
        86         10          0          0          0          0   __scatter.o
        28          0          0          0          0          0   __scatter_zi.o
        22          0          0          0          0         92   _rserrno.o
      1006          4          0          0          0        184   aeabi_sdivfast.o
        16          0          0          0          0         68   exit.o
         6          0          0          0          0        136   heapauxi.o
         0          0          0          0          0          0   indicate_semi.o
         2          0          0          0          0          0   libinit.o
         2          0          0          0          0          0   libinit2.o
         2          0          0          0          0          0   libshutdown.o
         2          0          0          0          0          0   libshutdown2.o
         8          4          0          0         96         68   libspace.o
         8          4          0          0          0         68   rt_errno_addr_intlibspace.o
         2          0          0          0          0          0   rtexit.o
        10          0          0          0          0          0   rtexit2.o
        12          4          0          0          0         60   sys_exit.o
        62          0          0          0          0         80   sys_stackheap_outer.o
         2          0          0          0          0         68   use_no_semi.o
        46          0          0          0          0         60   cmpret.o
       124          4          0          0          0         72   d2f.o
       856         20          0          0          0        208   daddsub.o
      1096         26        128          0          0        112   ddiv.o
       108         10          0          0          0         72   dfixi.o
        88          0          0          0          0         92   dflti.o
       584         26          0          0          0         84   dmul.o
       256          8          0          0          0         76   dsqrt.o
        84          4          0          0          0         60   f2d.o
       348          8          0          0          0        160   faddsub.o
        44          0          0          0          0        136   fcmp.o
       100          4          0          0          0         68   fcmpin.o
       352         10         64          0          0         92   fdiv.o
        76          0          0          0          0         68   ffixi.o
        48          0          0          0          0         60   ffixui.o
        94          0          0          0          0         92   fflti.o
        84          4          0          0          0         76   fgef.o
        84          4          0          0          0         76   flef.o
       176          4          0          0          0         80   fmul.o
        16          6          0          0          0         68   fnan2.o
        68          4          0          0          0         68   fscalbn.o
       144          4          0          0          0         72   fsqrt.o
        94          0          0          0          0         68   retnan.o
         0          0          0          0          0          0   usenofp.o
        36          0          0          0          0        204   funder.o
       380         42         64          0          0         76   logf.o
        72          6          0          0          0         76   sqrt.o
        44          0          0          0          0         72   sqrtf.o

    ----------------------------------------------------------------------
     11312        236       3200          0         96      28688   Library Totals
        22          4          0          0          0          0   (incl. Padding)

    ----------------------------------------------------------------------

      Code (inc. data)   RO Data    RW Data    ZI Data      Debug   Library Name

      4486         12       2944          0          0      25348   arm_cortexM0l_math.a
      1302         26          0          0         96        892   c_p.l
      4970        146        192          0          0       2020   fz_ps.l
       532         48         64          0          0        428   m_ps.l

    ----------------------------------------------------------------------
     11312        236       3200          0         96      28688   Library Totals

    ----------------------------------------------------------------------

==============================================================================


      Code (inc. data)   RO Data    RW Data    ZI Data      Debug   

     17264        610       3472          0       5152     102505   Grand Totals
     17264        610       3472          0       5152     102505   ELF Image Totals
     17264        610       3472          0          0          0   ROM Totals

==============================================================================

    Total RO  Size (Code + RO Data)                20736 (  20.25kB)
    Total RW  Size (RW Data + ZI Data)              5152 (   5.03kB)
    Total ROM Size (Code + RO Data + RW Data)      20736 (  20.25kB)

==============================================================================

